### ml20m-medium
### 2026-09-30T09:25:17Z
### cmd: python3 python/benchmarks/ml/bench_ml_pipeline.py --records 20000000 --variants medium --workers 8,16,32,48,96 --trials 3 --no-fault --tmpdir //ml20 --csv /opt/forkrun/epyc-rental-out/20_benchmarks/ml20m/ml20m_medium.csv

[epyc] blocked imports: datasets, ray
forkrun ML pipeline benchmark — 20000000 records/variant
Hardware: 96c/AMD EPYC 7443 24-Core Processor Linux 7.0.0-31-generic
Versions: {'python': '3.14.4', 'ray': 'missing', 'polars': '1.44.2', 'duckdb': '1.5.5', 'datasets': 'missing', 'pyarrow': '25.0.1', 'forkrun': '0.16.0'}
Frameworks: {'serial': True, 'pool': True, 'executor': True, 'forkrun': True, 'ray': False, 'polars': True, 'duckdb': True, 'hf_datasets': False}
Worker sweep: [8, 16, 32, 48, 96] (best reported per system)
--- medium: 20000000 records, 8954.7MB ---
[epyc] blocked imports: datasets, ray
[epyc] blocked imports: datasets, ray
forkrun [DIAG-NUMA1] map/run completion:
  nodes=2 workers=8 forked=[0, 1]
  node=0 write=11617 read=11617 finished=1 chunks(head=2248 tail=2248) tail_empty=1 forked=yes wids=[0, 1, 2, 3]
  node=1 write=11274 read=11274 finished=1 chunks(head=2231 tail=2231) tail_empty=1 forked=yes wids=[4, 5, 6, 7]
forkrun [DIAG-NUMA1] orderer done: numa=1 recv=22891 emitted=22891 expected=(4479,0) heap_left=0 head_key=18446744073709551615 stdout_broken=0
forkrun [DIAG-NUMA1] map/run completion:
  nodes=2 workers=8 forked=[0, 1]
  node=0 write=11612 read=11612 finished=1 chunks(head=2263 tail=2263) tail_empty=1 forked=yes wids=[0, 1, 2, 3]
  node=1 write=11279 read=11279 finished=1 chunks(head=2216 tail=2216) tail_empty=1 forked=yes wids=[4, 5, 6, 7]
forkrun [DIAG-NUMA1] orderer done: numa=1 recv=22891 emitted=22891 expected=(4479,0) heap_left=0 head_key=18446744073709551615 stdout_broken=0
forkrun [DIAG-NUMA1] map/run completion:
  nodes=2 workers=8 forked=[0, 1]
  node=0 write=11528 read=11528 finished=1 chunks(head=2233 tail=2233) tail_empty=1 forked=yes wids=[0, 1, 2, 3]
  node=1 write=11363 read=11363 finished=1 chunks(head=2246 tail=2246) tail_empty=1 forked=yes wids=[4, 5, 6, 7]
forkrun [DIAG-NUMA1] orderer done: numa=1 recv=22891 emitted=22891 expected=(4479,0) heap_left=0 head_key=18446744073709551615 stdout_broken=0
forkrun [DIAG-NUMA1] map/run completion:
  nodes=2 workers=8 forked=[0, 1]
  node=0 write=11522 read=11522 finished=1 chunks(head=2237 tail=2237) tail_empty=1 forked=yes wids=[0, 1, 2, 3]
  node=1 write=11369 read=11369 finished=1 chunks(head=2242 tail=2242) tail_empty=1 forked=yes wids=[4, 5, 6, 7]
forkrun [DIAG-NUMA1] orderer done: numa=1 recv=22891 emitted=22891 expected=(4479,0) heap_left=0 head_key=18446744073709551615 stdout_broken=0
forkrun [DIAG-NUMA1] map/run completion:
  nodes=2 workers=8 forked=[0, 1]
  node=0 write=11563 read=11563 finished=1 chunks(head=2243 tail=2243) tail_empty=1 forked=yes wids=[0, 1, 2, 3]
  node=1 write=11328 read=11328 finished=1 chunks(head=2236 tail=2236) tail_empty=1 forked=yes wids=[4, 5, 6, 7]
forkrun [DIAG-NUMA1] orderer done: numa=1 recv=22891 emitted=22891 expected=(4479,0) heap_left=0 head_key=18446744073709551615 stdout_broken=0
forkrun [DIAG-NUMA1] map/run completion:
  nodes=2 workers=8 forked=[0, 1]
  node=0 write=11742 read=11742 finished=1 chunks(head=2287 tail=2287) tail_empty=1 forked=yes wids=[0, 1, 2, 3]
  node=1 write=11149 read=11149 finished=1 chunks(head=2192 tail=2192) tail_empty=1 forked=yes wids=[4, 5, 6, 7]
forkrun [DIAG-NUMA1] orderer done: numa=1 recv=22891 emitted=22891 expected=(4479,0) heap_left=0 head_key=18446744073709551615 stdout_broken=0
forkrun [DIAG-NUMA1] map/run completion:
  nodes=2 workers=8 forked=[0, 1]
  node=0 write=11708 read=11708 finished=1 chunks(head=2288 tail=2288) tail_empty=1 forked=yes wids=[0, 1, 2, 3]
  node=1 write=11183 read=11183 finished=1 chunks(head=2191 tail=2191) tail_empty=1 forked=yes wids=[4, 5, 6, 7]
forkrun [DIAG-NUMA1] orderer done: numa=1 recv=22891 emitted=22891 expected=(4479,0) heap_left=0 head_key=18446744073709551615 stdout_broken=0
forkrun [DIAG-NUMA1] map/run completion:
  nodes=2 workers=8 forked=[0, 1]
  node=0 write=11742 read=11742 finished=1 chunks(head=2307 tail=2307) tail_empty=1 forked=yes wids=[0, 1, 2, 3]
  node=1 write=11149 read=11149 finished=1 chunks(head=2172 tail=2172) tail_empty=1 forked=yes wids=[4, 5, 6, 7]
forkrun [DIAG-NUMA1] orderer done: numa=1 recv=22891 emitted=22891 expected=(4479,0) heap_left=0 head_key=18446744073709551615 stdout_broken=0
forkrun [DIAG-NUMA1] map/run completion:
  nodes=2 workers=8 forked=[0, 1]
  node=0 write=11727 read=11727 finished=1 chunks(head=2284 tail=2284) tail_empty=1 forked=yes wids=[0, 1, 2, 3]
  node=1 write=11164 read=11164 finished=1 chunks(head=2195 tail=2195) tail_empty=1 forked=yes wids=[4, 5, 6, 7]
forkrun [DIAG-NUMA1] orderer done: numa=1 recv=22891 emitted=22891 expected=(4479,0) heap_left=0 head_key=18446744073709551615 stdout_broken=0
forkrun [DIAG-NUMA1] map/run completion:
  nodes=2 workers=8 forked=[0, 1]
  node=0 write=11743 read=11743 finished=1 chunks(head=2298 tail=2298) tail_empty=1 forked=yes wids=[0, 1, 2, 3]
  node=1 write=11148 read=11148 finished=1 chunks(head=2181 tail=2181) tail_empty=1 forked=yes wids=[4, 5, 6, 7]
forkrun [DIAG-NUMA1] orderer done: numa=1 recv=22891 emitted=22891 expected=(4479,0) heap_left=0 head_key=18446744073709551615 stdout_broken=0
forkrun [DIAG-NUMA1] map/run completion:
  nodes=2 workers=8 forked=[0, 1]
  node=0 write=11817 read=11817 finished=1 chunks(head=2320 tail=2320) tail_empty=1 forked=yes wids=[0, 1, 2, 3]
  node=1 write=11074 read=11074 finished=1 chunks(head=2159 tail=2159) tail_empty=1 forked=yes wids=[4, 5, 6, 7]
forkrun [DIAG-NUMA1] orderer done: numa=1 recv=22891 emitted=22891 expected=(4479,0) heap_left=0 head_key=18446744073709551615 stdout_broken=0
forkrun [DIAG-NUMA1] map/run completion:
  nodes=2 workers=8 forked=[0, 1]
  node=0 write=11862 read=11862 finished=1 chunks(head=2318 tail=2318) tail_empty=1 forked=yes wids=[0, 1, 2, 3]
  node=1 write=11029 read=11029 finished=1 chunks(head=2161 tail=2161) tail_empty=1 forked=yes wids=[4, 5, 6, 7]
forkrun [DIAG-NUMA1] orderer done: numa=1 recv=22891 emitted=22891 expected=(4479,0) heap_left=0 head_key=18446744073709551615 stdout_broken=0
forkrun [DIAG-NUMA1] map/run completion:
  nodes=2 workers=8 forked=[0, 1]
  node=0 write=11742 read=11742 finished=1 chunks(head=2295 tail=2295) tail_empty=1 forked=yes wids=[0, 1, 2, 3]
  node=1 write=11149 read=11149 finished=1 chunks(head=2184 tail=2184) tail_empty=1 forked=yes wids=[4, 5, 6, 7]
forkrun [DIAG-NUMA1] orderer done: numa=1 recv=22891 emitted=22891 expected=(4479,0) heap_left=0 head_key=18446744073709551615 stdout_broken=0
forkrun [DIAG-NUMA1] map/run completion:
  nodes=2 workers=8 forked=[0, 1]
  node=0 write=11798 read=11798 finished=1 chunks(head=2299 tail=2299) tail_empty=1 forked=yes wids=[0, 1, 2, 3]
  node=1 write=11093 read=11093 finished=1 chunks(head=2180 tail=2180) tail_empty=1 forked=yes wids=[4, 5, 6, 7]
forkrun [DIAG-NUMA1] orderer done: numa=1 recv=22891 emitted=22891 expected=(4479,0) heap_left=0 head_key=18446744073709551615 stdout_broken=0
forkrun [DIAG-NUMA1] map/run completion:
  nodes=2 workers=8 forked=[0, 1]
  node=0 write=12073 read=12073 finished=1 chunks(head=2348 tail=2348) tail_empty=1 forked=yes wids=[0, 1, 2, 3]
  node=1 write=10818 read=10818 finished=1 chunks(head=2131 tail=2131) tail_empty=1 forked=yes wids=[4, 5, 6, 7]
forkrun [DIAG-NUMA1] orderer done: numa=1 recv=22891 emitted=22891 expected=(4479,0) heap_left=0 head_key=18446744073709551615 stdout_broken=0
forkrun [DIAG-NUMA1] map/run completion:
  nodes=2 workers=16 forked=[0, 1]
  node=0 write=5018 read=5018 finished=1 chunks(head=947 tail=947) tail_empty=1 forked=yes wids=[0, 1, 2, 3, 4, 5, 6, 7]
  node=1 write=17873 read=17873 finished=1 chunks(head=3532 tail=3532) tail_empty=1 forked=yes wids=[8, 9, 10, 11, 12, 13, 14, 15]
forkrun [DIAG-NUMA1] orderer done: numa=1 recv=22891 emitted=22891 expected=(4479,0) heap_left=0 head_key=18446744073709551615 stdout_broken=0
forkrun [DIAG-NUMA1] map/run completion:
  nodes=2 workers=16 forked=[0, 1]
  node=0 write=4848 read=4848 finished=1 chunks(head=914 tail=914) tail_empty=1 forked=yes wids=[0, 1, 2, 3, 4, 5, 6, 7]
  node=1 write=18043 read=18043 finished=1 chunks(head=3565 tail=3565) tail_empty=1 forked=yes wids=[8, 9, 10, 11, 12, 13, 14, 15]
forkrun [DIAG-NUMA1] orderer done: numa=1 recv=22891 emitted=22891 expected=(4479,0) heap_left=0 head_key=18446744073709551615 stdout_broken=0
forkrun [DIAG-NUMA1] map/run completion:
  nodes=2 workers=16 forked=[0, 1]
  node=0 write=7388 read=7388 finished=1 chunks(head=1407 tail=1407) tail_empty=1 forked=yes wids=[0, 1, 2, 3, 4, 5, 6, 7]
  node=1 write=15503 read=15503 finished=1 chunks(head=3072 tail=3072) tail_empty=1 forked=yes wids=[8, 9, 10, 11, 12, 13, 14, 15]
forkrun [DIAG-NUMA1] orderer done: numa=1 recv=22891 emitted=22891 expected=(4479,0) heap_left=0 head_key=18446744073709551615 stdout_broken=0
forkrun [DIAG-NUMA1] map/run completion:
  nodes=2 workers=16 forked=[0, 1]
  node=0 write=5508 read=5508 finished=1 chunks(head=1045 tail=1045) tail_empty=1 forked=yes wids=[0, 1, 2, 3, 4, 5, 6, 7]
  node=1 write=17383 read=17383 finished=1 chunks(head=3434 tail=3434) tail_empty=1 forked=yes wids=[8, 9, 10, 11, 12, 13, 14, 15]
forkrun [DIAG-NUMA1] orderer done: numa=1 recv=22891 emitted=22891 expected=(4479,0) heap_left=0 head_key=18446744073709551615 stdout_broken=0
forkrun [DIAG-NUMA1] map/run completion:
  nodes=2 workers=16 forked=[0, 1]
  node=0 write=5208 read=5208 finished=1 chunks(head=991 tail=991) tail_empty=1 forked=yes wids=[0, 1, 2, 3, 4, 5, 6, 7]
  node=1 write=17683 read=17683 finished=1 chunks(head=3488 tail=3488) tail_empty=1 forked=yes wids=[8, 9, 10, 11, 12, 13, 14, 15]
forkrun [DIAG-NUMA1] orderer done: numa=1 recv=22891 emitted=22891 expected=(4479,0) heap_left=0 head_key=18446744073709551615 stdout_broken=0
forkrun [DIAG-NUMA1] map/run completion:
  nodes=2 workers=16 forked=[0, 1]
  node=0 write=6468 read=6468 finished=1 chunks(head=1195 tail=1195) tail_empty=1 forked=yes wids=[0, 1, 2, 3, 4, 5, 6, 7]
  node=1 write=16423 read=16423 finished=1 chunks(head=3284 tail=3284) tail_empty=1 forked=yes wids=[8, 9, 10, 11, 12, 13, 14, 15]
forkrun [DIAG-NUMA1] orderer done: numa=1 recv=22891 emitted=22891 expected=(4479,0) heap_left=0 head_key=18446744073709551615 stdout_broken=0
forkrun [DIAG-NUMA1] map/run completion:
  nodes=2 workers=16 forked=[0, 1]
  node=0 write=5863 read=5863 finished=1 chunks(head=1100 tail=1100) tail_empty=1 forked=yes wids=[0, 1, 2, 3, 4, 5, 6, 7]
  node=1 write=17028 read=17028 finished=1 chunks(head=3379 tail=3379) tail_empty=1 forked=yes wids=[8, 9, 10, 11, 12, 13, 14, 15]
forkrun [DIAG-NUMA1] orderer done: numa=1 recv=22891 emitted=22891 expected=(4479,0) heap_left=0 head_key=18446744073709551615 stdout_broken=0
forkrun [DIAG-NUMA1] map/run completion:
  nodes=2 workers=16 forked=[0, 1]
  node=0 write=5528 read=5528 finished=1 chunks(head=1032 tail=1032) tail_empty=1 forked=yes wids=[0, 1, 2, 3, 4, 5, 6, 7]
  node=1 write=17363 read=17363 finished=1 chunks(head=3447 tail=3447) tail_empty=1 forked=yes wids=[8, 9, 10, 11, 12, 13, 14, 15]
forkrun [DIAG-NUMA1] orderer done: numa=1 recv=22891 emitted=22891 expected=(4479,0) heap_left=0 head_key=18446744073709551615 stdout_broken=0
forkrun [DIAG-NUMA1] map/run completion:
  nodes=2 workers=16 forked=[0, 1]
  node=0 write=5743 read=5743 finished=1 chunks(head=1071 tail=1071) tail_empty=1 forked=yes wids=[0, 1, 2, 3, 4, 5, 6, 7]
  node=1 write=17148 read=17148 finished=1 chunks(head=3408 tail=3408) tail_empty=1 forked=yes wids=[8, 9, 10, 11, 12, 13, 14, 15]
forkrun [DIAG-NUMA1] orderer done: numa=1 recv=22891 emitted=22891 expected=(4479,0) heap_left=0 head_key=18446744073709551615 stdout_broken=0
forkrun [DIAG-NUMA1] map/run completion:
  nodes=2 workers=16 forked=[0, 1]
  node=0 write=5898 read=5898 finished=1 chunks(head=1107 tail=1107) tail_empty=1 forked=yes wids=[0, 1, 2, 3, 4, 5, 6, 7]
  node=1 write=16993 read=16993 finished=1 chunks(head=3372 tail=3372) tail_empty=1 forked=yes wids=[8, 9, 10, 11, 12, 13, 14, 15]
forkrun [DIAG-NUMA1] orderer done: numa=1 recv=22891 emitted=22891 expected=(4479,0) heap_left=0 head_key=18446744073709551615 stdout_broken=0
forkrun [DIAG-NUMA1] map/run completion:
  nodes=2 workers=16 forked=[0, 1]
  node=0 write=7163 read=7163 finished=1 chunks(head=1332 tail=1332) tail_empty=1 forked=yes wids=[0, 1, 2, 3, 4, 5, 6, 7]
  node=1 write=15728 read=15728 finished=1 chunks(head=3147 tail=3147) tail_empty=1 forked=yes wids=[8, 9, 10, 11, 12, 13, 14, 15]
forkrun [DIAG-NUMA1] orderer done: numa=1 recv=22891 emitted=22891 expected=(4479,0) heap_left=0 head_key=18446744073709551615 stdout_broken=0
forkrun [DIAG-NUMA1] map/run completion:
  nodes=2 workers=16 forked=[0, 1]
  node=0 write=7043 read=7043 finished=1 chunks(head=1325 tail=1325) tail_empty=1 forked=yes wids=[0, 1, 2, 3, 4, 5, 6, 7]
  node=1 write=15848 read=15848 finished=1 chunks(head=3154 tail=3154) tail_empty=1 forked=yes wids=[8, 9, 10, 11, 12, 13, 14, 15]
forkrun [DIAG-NUMA1] orderer done: numa=1 recv=22891 emitted=22891 expected=(4479,0) heap_left=0 head_key=18446744073709551615 stdout_broken=0
forkrun [DIAG-NUMA1] map/run completion:
  nodes=2 workers=16 forked=[0, 1]
  node=0 write=7068 read=7068 finished=1 chunks(head=1330 tail=1330) tail_empty=1 forked=yes wids=[0, 1, 2, 3, 4, 5, 6, 7]
  node=1 write=15823 read=15823 finished=1 chunks(head=3149 tail=3149) tail_empty=1 forked=yes wids=[8, 9, 10, 11, 12, 13, 14, 15]
forkrun [DIAG-NUMA1] orderer done: numa=1 recv=22891 emitted=22891 expected=(4479,0) heap_left=0 head_key=18446744073709551615 stdout_broken=0
forkrun [DIAG-NUMA1] map/run completion:
  nodes=2 workers=16 forked=[0, 1]
  node=0 write=8058 read=8058 finished=1 chunks(head=1526 tail=1526) tail_empty=1 forked=yes wids=[0, 1, 2, 3, 4, 5, 6, 7]
  node=1 write=14833 read=14833 finished=1 chunks(head=2953 tail=2953) tail_empty=1 forked=yes wids=[8, 9, 10, 11, 12, 13, 14, 15]
forkrun [DIAG-NUMA1] orderer done: numa=1 recv=22891 emitted=22891 expected=(4479,0) heap_left=0 head_key=18446744073709551615 stdout_broken=0
forkrun [DIAG-NUMA1] map/run completion:
  nodes=2 workers=16 forked=[0, 1]
  node=0 write=6933 read=6933 finished=1 chunks(head=1303 tail=1303) tail_empty=1 forked=yes wids=[0, 1, 2, 3, 4, 5, 6, 7]
  node=1 write=15958 read=15958 finished=1 chunks(head=3176 tail=3176) tail_empty=1 forked=yes wids=[8, 9, 10, 11, 12, 13, 14, 15]
forkrun [DIAG-NUMA1] orderer done: numa=1 recv=22891 emitted=22891 expected=(4479,0) heap_left=0 head_key=18446744073709551615 stdout_broken=0
forkrun [DIAG-NUMA1] map/run completion:
  nodes=2 workers=32 forked=[0, 1]
  node=0 write=1227 read=1227 finished=1 chunks(head=246 tail=246) tail_empty=1 forked=yes wids=[0, 1, 2, 3, 4, 5, 6, 7, 8, 9, 10, 11, 12, 13, 14, 15]
  node=1 write=21664 read=21664 finished=1 chunks(head=4233 tail=4233) tail_empty=1 forked=yes wids=[16, 17, 18, 19, 20, 21, 22, 23, 24, 25, 26, 27, 28, 29, 30, 31]
forkrun [DIAG-NUMA1] orderer done: numa=1 recv=22891 emitted=22891 expected=(4479,0) heap_left=0 head_key=18446744073709551615 stdout_broken=0
forkrun [DIAG-NUMA1] map/run completion:
  nodes=2 workers=32 forked=[0, 1]
  node=0 write=1297 read=1297 finished=1 chunks(head=242 tail=242) tail_empty=1 forked=yes wids=[0, 1, 2, 3, 4, 5, 6, 7, 8, 9, 10, 11, 12, 13, 14, 15]
  node=1 write=21594 read=21594 finished=1 chunks(head=4237 tail=4237) tail_empty=1 forked=yes wids=[16, 17, 18, 19, 20, 21, 22, 23, 24, 25, 26, 27, 28, 29, 30, 31]
forkrun [DIAG-NUMA1] orderer done: numa=1 recv=22891 emitted=22891 expected=(4479,0) heap_left=0 head_key=18446744073709551615 stdout_broken=0
forkrun [DIAG-NUMA1] map/run completion:
  nodes=2 workers=32 forked=[0, 1]
  node=0 write=1282 read=1282 finished=1 chunks(head=235 tail=235) tail_empty=1 forked=yes wids=[0, 1, 2, 3, 4, 5, 6, 7, 8, 9, 10, 11, 12, 13, 14, 15]
  node=1 write=21609 read=21609 finished=1 chunks(head=4244 tail=4244) tail_empty=1 forked=yes wids=[16, 17, 18, 19, 20, 21, 22, 23, 24, 25, 26, 27, 28, 29, 30, 31]
forkrun [DIAG-NUMA1] orderer done: numa=1 recv=22891 emitted=22891 expected=(4479,0) heap_left=0 head_key=18446744073709551615 stdout_broken=0
forkrun [DIAG-NUMA1] map/run completion:
  nodes=2 workers=32 forked=[0, 1]
  node=0 write=1402 read=1402 finished=1 chunks(head=248 tail=248) tail_empty=1 forked=yes wids=[0, 1, 2, 3, 4, 5, 6, 7, 8, 9, 10, 11, 12, 13, 14, 15]
  node=1 write=21489 read=21489 finished=1 chunks(head=4231 tail=4231) tail_empty=1 forked=yes wids=[16, 17, 18, 19, 20, 21, 22, 23, 24, 25, 26, 27, 28, 29, 30, 31]
forkrun [DIAG-NUMA1] orderer done: numa=1 recv=22891 emitted=22891 expected=(4479,0) heap_left=0 head_key=18446744073709551615 stdout_broken=0
forkrun [DIAG-NUMA1] map/run completion:
  nodes=2 workers=32 forked=[0, 1]
  node=0 write=1147 read=1147 finished=1 chunks(head=205 tail=205) tail_empty=1 forked=yes wids=[0, 1, 2, 3, 4, 5, 6, 7, 8, 9, 10, 11, 12, 13, 14, 15]
  node=1 write=21744 read=21744 finished=1 chunks(head=4274 tail=4274) tail_empty=1 forked=yes wids=[16, 17, 18, 19, 20, 21, 22, 23, 24, 25, 26, 27, 28, 29, 30, 31]
forkrun [DIAG-NUMA1] orderer done: numa=1 recv=22891 emitted=22891 expected=(4479,0) heap_left=0 head_key=18446744073709551615 stdout_broken=0
forkrun [DIAG-NUMA1] map/run completion:
  nodes=2 workers=32 forked=[0, 1]
  node=0 write=2222 read=2222 finished=1 chunks(head=399 tail=399) tail_empty=1 forked=yes wids=[0, 1, 2, 3, 4, 5, 6, 7, 8, 9, 10, 11, 12, 13, 14, 15]
  node=1 write=20669 read=20669 finished=1 chunks(head=4080 tail=4080) tail_empty=1 forked=yes wids=[16, 17, 18, 19, 20, 21, 22, 23, 24, 25, 26, 27, 28, 29, 30, 31]
forkrun [DIAG-NUMA1] orderer done: numa=1 recv=22891 emitted=22891 expected=(4479,0) heap_left=0 head_key=18446744073709551615 stdout_broken=0
forkrun [DIAG-NUMA1] map/run completion:
  nodes=2 workers=32 forked=[0, 1]
  node=0 write=2757 read=2757 finished=1 chunks(head=512 tail=512) tail_empty=1 forked=yes wids=[0, 1, 2, 3, 4, 5, 6, 7, 8, 9, 10, 11, 12, 13, 14, 15]
  node=1 write=20134 read=20134 finished=1 chunks(head=3967 tail=3967) tail_empty=1 forked=yes wids=[16, 17, 18, 19, 20, 21, 22, 23, 24, 25, 26, 27, 28, 29, 30, 31]
forkrun [DIAG-NUMA1] orderer done: numa=1 recv=22891 emitted=22891 expected=(4479,0) heap_left=0 head_key=18446744073709551615 stdout_broken=0
forkrun [DIAG-NUMA1] map/run completion:
  nodes=2 workers=32 forked=[0, 1]
  node=0 write=2862 read=2862 finished=1 chunks(head=522 tail=522) tail_empty=1 forked=yes wids=[0, 1, 2, 3, 4, 5, 6, 7, 8, 9, 10, 11, 12, 13, 14, 15]
  node=1 write=20029 read=20029 finished=1 chunks(head=3957 tail=3957) tail_empty=1 forked=yes wids=[16, 17, 18, 19, 20, 21, 22, 23, 24, 25, 26, 27, 28, 29, 30, 31]
forkrun [DIAG-NUMA1] orderer done: numa=1 recv=22891 emitted=22891 expected=(4479,0) heap_left=0 head_key=18446744073709551615 stdout_broken=0
forkrun [DIAG-NUMA1] map/run completion:
  nodes=2 workers=32 forked=[0, 1]
  node=0 write=2312 read=2312 finished=1 chunks(head=416 tail=416) tail_empty=1 forked=yes wids=[0, 1, 2, 3, 4, 5, 6, 7, 8, 9, 10, 11, 12, 13, 14, 15]
  node=1 write=20579 read=20579 finished=1 chunks(head=4063 tail=4063) tail_empty=1 forked=yes wids=[16, 17, 18, 19, 20, 21, 22, 23, 24, 25, 26, 27, 28, 29, 30, 31]
forkrun [DIAG-NUMA1] orderer done: numa=1 recv=22891 emitted=22891 expected=(4479,0) heap_left=0 head_key=18446744073709551615 stdout_broken=0
forkrun [DIAG-NUMA1] map/run completion:
  nodes=2 workers=32 forked=[0, 1]
  node=0 write=2207 read=2207 finished=1 chunks(head=390 tail=390) tail_empty=1 forked=yes wids=[0, 1, 2, 3, 4, 5, 6, 7, 8, 9, 10, 11, 12, 13, 14, 15]
  node=1 write=20684 read=20684 finished=1 chunks(head=4089 tail=4089) tail_empty=1 forked=yes wids=[16, 17, 18, 19, 20, 21, 22, 23, 24, 25, 26, 27, 28, 29, 30, 31]
forkrun [DIAG-NUMA1] orderer done: numa=1 recv=22891 emitted=22891 expected=(4479,0) heap_left=0 head_key=18446744073709551615 stdout_broken=0
forkrun [DIAG-NUMA1] map/run completion:
  nodes=2 workers=32 forked=[0, 1]
  node=0 write=3382 read=3382 finished=1 chunks(head=623 tail=623) tail_empty=1 forked=yes wids=[0, 1, 2, 3, 4, 5, 6, 7, 8, 9, 10, 11, 12, 13, 14, 15]
  node=1 write=19509 read=19509 finished=1 chunks(head=3856 tail=3856) tail_empty=1 forked=yes wids=[16, 17, 18, 19, 20, 21, 22, 23, 24, 25, 26, 27, 28, 29, 30, 31]
forkrun [DIAG-NUMA1] orderer done: numa=1 recv=22891 emitted=22891 expected=(4479,0) heap_left=0 head_key=18446744073709551615 stdout_broken=0
forkrun [DIAG-NUMA1] map/run completion:
  nodes=2 workers=32 forked=[0, 1]
  node=0 write=3582 read=3582 finished=1 chunks(head=668 tail=668) tail_empty=1 forked=yes wids=[0, 1, 2, 3, 4, 5, 6, 7, 8, 9, 10, 11, 12, 13, 14, 15]
  node=1 write=19309 read=19309 finished=1 chunks(head=3811 tail=3811) tail_empty=1 forked=yes wids=[16, 17, 18, 19, 20, 21, 22, 23, 24, 25, 26, 27, 28, 29, 30, 31]
forkrun [DIAG-NUMA1] orderer done: numa=1 recv=22891 emitted=22891 expected=(4479,0) heap_left=0 head_key=18446744073709551615 stdout_broken=0
forkrun [DIAG-NUMA1] map/run completion:
  nodes=2 workers=32 forked=[0, 1]
  node=0 write=3788 read=3788 finished=1 chunks(head=702 tail=702) tail_empty=1 forked=yes wids=[0, 1, 2, 3, 4, 5, 6, 7, 8, 9, 10, 11, 12, 13, 14, 15]
  node=1 write=19103 read=19103 finished=1 chunks(head=3777 tail=3777) tail_empty=1 forked=yes wids=[16, 17, 18, 19, 20, 21, 22, 23, 24, 25, 26, 27, 28, 29, 30, 31]
forkrun [DIAG-NUMA1] orderer done: numa=1 recv=22891 emitted=22891 expected=(4479,0) heap_left=0 head_key=18446744073709551615 stdout_broken=0
forkrun [DIAG-NUMA1] map/run completion:
  nodes=2 workers=32 forked=[0, 1]
  node=0 write=3537 read=3537 finished=1 chunks(head=649 tail=649) tail_empty=1 forked=yes wids=[0, 1, 2, 3, 4, 5, 6, 7, 8, 9, 10, 11, 12, 13, 14, 15]
  node=1 write=19354 read=19354 finished=1 chunks(head=3830 tail=3830) tail_empty=1 forked=yes wids=[16, 17, 18, 19, 20, 21, 22, 23, 24, 25, 26, 27, 28, 29, 30, 31]
forkrun [DIAG-NUMA1] orderer done: numa=1 recv=22891 emitted=22891 expected=(4479,0) heap_left=0 head_key=18446744073709551615 stdout_broken=0
forkrun [DIAG-NUMA1] map/run completion:
  nodes=2 workers=32 forked=[0, 1]
  node=0 write=3427 read=3427 finished=1 chunks(head=633 tail=633) tail_empty=1 forked=yes wids=[0, 1, 2, 3, 4, 5, 6, 7, 8, 9, 10, 11, 12, 13, 14, 15]
  node=1 write=19464 read=19464 finished=1 chunks(head=3846 tail=3846) tail_empty=1 forked=yes wids=[16, 17, 18, 19, 20, 21, 22, 23, 24, 25, 26, 27, 28, 29, 30, 31]
forkrun [DIAG-NUMA1] orderer done: numa=1 recv=22891 emitted=22891 expected=(4479,0) heap_left=0 head_key=18446744073709551615 stdout_broken=0
forkrun [DIAG-NUMA1] map/run completion:
  nodes=2 workers=48 forked=[0, 1]
  node=0 write=1497 read=1497 finished=1 chunks(head=290 tail=290) tail_empty=1 forked=yes wids=[0, 1, 2, 3, 4, 5, 6, 7, 8, 9, 10, 11, 12, 13, 14, 15, 16, 17, 18, 19, 20, 21, 22, 23]
  node=1 write=21394 read=21394 finished=1 chunks(head=4189 tail=4189) tail_empty=1 forked=yes wids=[24, 25, 26, 27, 28, 29, 30, 31, 32, 33, 34, 35, 36, 37, 38, 39, 40, 41, 42, 43, 44, 45, 46, 47]
forkrun [DIAG-NUMA1] orderer done: numa=1 recv=22891 emitted=22891 expected=(4479,0) heap_left=0 head_key=18446744073709551615 stdout_broken=0
forkrun [DIAG-NUMA1] map/run completion:
  nodes=2 workers=48 forked=[0, 1]
  node=0 write=1357 read=1357 finished=1 chunks(head=248 tail=248) tail_empty=1 forked=yes wids=[0, 1, 2, 3, 4, 5, 6, 7, 8, 9, 10, 11, 12, 13, 14, 15, 16, 17, 18, 19, 20, 21, 22, 23]
  node=1 write=21534 read=21534 finished=1 chunks(head=4231 tail=4231) tail_empty=1 forked=yes wids=[24, 25, 26, 27, 28, 29, 30, 31, 32, 33, 34, 35, 36, 37, 38, 39, 40, 41, 42, 43, 44, 45, 46, 47]
forkrun [DIAG-NUMA1] orderer done: numa=1 recv=22891 emitted=22891 expected=(4479,0) heap_left=0 head_key=18446744073709551615 stdout_broken=0
forkrun [DIAG-NUMA1] map/run completion:
  nodes=2 workers=48 forked=[0, 1]
  node=0 write=1022 read=1022 finished=1 chunks(head=208 tail=208) tail_empty=1 forked=yes wids=[0, 1, 2, 3, 4, 5, 6, 7, 8, 9, 10, 11, 12, 13, 14, 15, 16, 17, 18, 19, 20, 21, 22, 23]
  node=1 write=21869 read=21869 finished=1 chunks(head=4271 tail=4271) tail_empty=1 forked=yes wids=[24, 25, 26, 27, 28, 29, 30, 31, 32, 33, 34, 35, 36, 37, 38, 39, 40, 41, 42, 43, 44, 45, 46, 47]
forkrun [DIAG-NUMA1] orderer done: numa=1 recv=22891 emitted=22891 expected=(4479,0) heap_left=0 head_key=18446744073709551615 stdout_broken=0
forkrun [DIAG-NUMA1] map/run completion:
  nodes=2 workers=48 forked=[0, 1]
  node=0 write=1032 read=1032 finished=1 chunks(head=183 tail=183) tail_empty=1 forked=yes wids=[0, 1, 2, 3, 4, 5, 6, 7, 8, 9, 10, 11, 12, 13, 14, 15, 16, 17, 18, 19, 20, 21, 22, 23]
  node=1 write=21859 read=21859 finished=1 chunks(head=4296 tail=4296) tail_empty=1 forked=yes wids=[24, 25, 26, 27, 28, 29, 30, 31, 32, 33, 34, 35, 36, 37, 38, 39, 40, 41, 42, 43, 44, 45, 46, 47]
forkrun [DIAG-NUMA1] orderer done: numa=1 recv=22891 emitted=22891 expected=(4479,0) heap_left=0 head_key=18446744073709551615 stdout_broken=0
forkrun [DIAG-NUMA1] map/run completion:
  nodes=2 workers=48 forked=[0, 1]
  node=0 write=1007 read=1007 finished=1 chunks(head=171 tail=171) tail_empty=1 forked=yes wids=[0, 1, 2, 3, 4, 5, 6, 7, 8, 9, 10, 11, 12, 13, 14, 15, 16, 17, 18, 19, 20, 21, 22, 23]
  node=1 write=21884 read=21884 finished=1 chunks(head=4308 tail=4308) tail_empty=1 forked=yes wids=[24, 25, 26, 27, 28, 29, 30, 31, 32, 33, 34, 35, 36, 37, 38, 39, 40, 41, 42, 43, 44, 45, 46, 47]
forkrun [DIAG-NUMA1] orderer done: numa=1 recv=22891 emitted=22891 expected=(4479,0) heap_left=0 head_key=18446744073709551615 stdout_broken=0
forkrun [DIAG-NUMA1] map/run completion:
  nodes=2 workers=48 forked=[0, 1]
  node=0 write=2207 read=2207 finished=1 chunks(head=397 tail=397) tail_empty=1 forked=yes wids=[0, 1, 2, 3, 4, 5, 6, 7, 8, 9, 10, 11, 12, 13, 14, 15, 16, 17, 18, 19, 20, 21, 22, 23]
  node=1 write=20684 read=20684 finished=1 chunks(head=4082 tail=4082) tail_empty=1 forked=yes wids=[24, 25, 26, 27, 28, 29, 30, 31, 32, 33, 34, 35, 36, 37, 38, 39, 40, 41, 42, 43, 44, 45, 46, 47]
forkrun [DIAG-NUMA1] orderer done: numa=1 recv=22891 emitted=22891 expected=(4479,0) heap_left=0 head_key=18446744073709551615 stdout_broken=0
forkrun [DIAG-NUMA1] map/run completion:
  nodes=2 workers=48 forked=[0, 1]
  node=0 write=2247 read=2247 finished=1 chunks(head=402 tail=402) tail_empty=1 forked=yes wids=[0, 1, 2, 3, 4, 5, 6, 7, 8, 9, 10, 11, 12, 13, 14, 15, 16, 17, 18, 19, 20, 21, 22, 23]
  node=1 write=20644 read=20644 finished=1 chunks(head=4077 tail=4077) tail_empty=1 forked=yes wids=[24, 25, 26, 27, 28, 29, 30, 31, 32, 33, 34, 35, 36, 37, 38, 39, 40, 41, 42, 43, 44, 45, 46, 47]
forkrun [DIAG-NUMA1] orderer done: numa=1 recv=22891 emitted=22891 expected=(4479,0) heap_left=0 head_key=18446744073709551615 stdout_broken=0
forkrun [DIAG-NUMA1] map/run completion:
  nodes=2 workers=48 forked=[0, 1]
  node=0 write=2782 read=2782 finished=1 chunks(head=516 tail=516) tail_empty=1 forked=yes wids=[0, 1, 2, 3, 4, 5, 6, 7, 8, 9, 10, 11, 12, 13, 14, 15, 16, 17, 18, 19, 20, 21, 22, 23]
  node=1 write=20109 read=20109 finished=1 chunks(head=3963 tail=3963) tail_empty=1 forked=yes wids=[24, 25, 26, 27, 28, 29, 30, 31, 32, 33, 34, 35, 36, 37, 38, 39, 40, 41, 42, 43, 44, 45, 46, 47]
forkrun [DIAG-NUMA1] orderer done: numa=1 recv=22891 emitted=22891 expected=(4479,0) heap_left=0 head_key=18446744073709551615 stdout_broken=0
forkrun [DIAG-NUMA1] map/run completion:
  nodes=2 workers=48 forked=[0, 1]
  node=0 write=3258 read=3258 finished=1 chunks(head=673 tail=673) tail_empty=1 forked=yes wids=[0, 1, 2, 3, 4, 5, 6, 7, 8, 9, 10, 11, 12, 13, 14, 15, 16, 17, 18, 19, 20, 21, 22, 23]
  node=1 write=19633 read=19633 finished=1 chunks(head=3806 tail=3806) tail_empty=1 forked=yes wids=[24, 25, 26, 27, 28, 29, 30, 31, 32, 33, 34, 35, 36, 37, 38, 39, 40, 41, 42, 43, 44, 45, 46, 47]
forkrun [DIAG-NUMA1] orderer done: numa=1 recv=22891 emitted=22891 expected=(4479,0) heap_left=0 head_key=18446744073709551615 stdout_broken=0
forkrun [DIAG-NUMA1] map/run completion:
  nodes=2 workers=48 forked=[0, 1]
  node=0 write=3177 read=3177 finished=1 chunks(head=636 tail=636) tail_empty=1 forked=yes wids=[0, 1, 2, 3, 4, 5, 6, 7, 8, 9, 10, 11, 12, 13, 14, 15, 16, 17, 18, 19, 20, 21, 22, 23]
  node=1 write=19714 read=19714 finished=1 chunks(head=3843 tail=3843) tail_empty=1 forked=yes wids=[24, 25, 26, 27, 28, 29, 30, 31, 32, 33, 34, 35, 36, 37, 38, 39, 40, 41, 42, 43, 44, 45, 46, 47]
forkrun [DIAG-NUMA1] orderer done: numa=1 recv=22891 emitted=22891 expected=(4479,0) heap_left=0 head_key=18446744073709551615 stdout_broken=0
forkrun [DIAG-NUMA1] map/run completion:
  nodes=2 workers=48 forked=[0, 1]
  node=0 write=4047 read=4047 finished=1 chunks(head=764 tail=764) tail_empty=1 forked=yes wids=[0, 1, 2, 3, 4, 5, 6, 7, 8, 9, 10, 11, 12, 13, 14, 15, 16, 17, 18, 19, 20, 21, 22, 23]
  node=1 write=18844 read=18844 finished=1 chunks(head=3715 tail=3715) tail_empty=1 forked=yes wids=[24, 25, 26, 27, 28, 29, 30, 31, 32, 33, 34, 35, 36, 37, 38, 39, 40, 41, 42, 43, 44, 45, 46, 47]
forkrun [DIAG-NUMA1] orderer done: numa=1 recv=22891 emitted=22891 expected=(4479,0) heap_left=0 head_key=18446744073709551615 stdout_broken=0
forkrun [DIAG-NUMA1] map/run completion:
  nodes=2 workers=48 forked=[0, 1]
  node=0 write=3512 read=3512 finished=1 chunks(head=648 tail=648) tail_empty=1 forked=yes wids=[0, 1, 2, 3, 4, 5, 6, 7, 8, 9, 10, 11, 12, 13, 14, 15, 16, 17, 18, 19, 20, 21, 22, 23]
  node=1 write=19379 read=19379 finished=1 chunks(head=3831 tail=3831) tail_empty=1 forked=yes wids=[24, 25, 26, 27, 28, 29, 30, 31, 32, 33, 34, 35, 36, 37, 38, 39, 40, 41, 42, 43, 44, 45, 46, 47]
forkrun [DIAG-NUMA1] orderer done: numa=1 recv=22891 emitted=22891 expected=(4479,0) heap_left=0 head_key=18446744073709551615 stdout_broken=0
forkrun [DIAG-NUMA1] map/run completion:
  nodes=2 workers=48 forked=[0, 1]
  node=0 write=4048 read=4048 finished=1 chunks(head=753 tail=753) tail_empty=1 forked=yes wids=[0, 1, 2, 3, 4, 5, 6, 7, 8, 9, 10, 11, 12, 13, 14, 15, 16, 17, 18, 19, 20, 21, 22, 23]
  node=1 write=18843 read=18843 finished=1 chunks(head=3726 tail=3726) tail_empty=1 forked=yes wids=[24, 25, 26, 27, 28, 29, 30, 31, 32, 33, 34, 35, 36, 37, 38, 39, 40, 41, 42, 43, 44, 45, 46, 47]
forkrun [DIAG-NUMA1] orderer done: numa=1 recv=22891 emitted=22891 expected=(4479,0) heap_left=0 head_key=18446744073709551615 stdout_broken=0
forkrun [DIAG-NUMA1] map/run completion:
  nodes=2 workers=48 forked=[0, 1]
  node=0 write=3483 read=3483 finished=1 chunks(head=644 tail=644) tail_empty=1 forked=yes wids=[0, 1, 2, 3, 4, 5, 6, 7, 8, 9, 10, 11, 12, 13, 14, 15, 16, 17, 18, 19, 20, 21, 22, 23]
  node=1 write=19408 read=19408 finished=1 chunks(head=3835 tail=3835) tail_empty=1 forked=yes wids=[24, 25, 26, 27, 28, 29, 30, 31, 32, 33, 34, 35, 36, 37, 38, 39, 40, 41, 42, 43, 44, 45, 46, 47]
forkrun [DIAG-NUMA1] orderer done: numa=1 recv=22891 emitted=22891 expected=(4479,0) heap_left=0 head_key=18446744073709551615 stdout_broken=0
forkrun [DIAG-NUMA1] map/run completion:
  nodes=2 workers=48 forked=[0, 1]
  node=0 write=3247 read=3247 finished=1 chunks(head=600 tail=600) tail_empty=1 forked=yes wids=[0, 1, 2, 3, 4, 5, 6, 7, 8, 9, 10, 11, 12, 13, 14, 15, 16, 17, 18, 19, 20, 21, 22, 23]
  node=1 write=19644 read=19644 finished=1 chunks(head=3879 tail=3879) tail_empty=1 forked=yes wids=[24, 25, 26, 27, 28, 29, 30, 31, 32, 33, 34, 35, 36, 37, 38, 39, 40, 41, 42, 43, 44, 45, 46, 47]
forkrun [DIAG-NUMA1] orderer done: numa=1 recv=22891 emitted=22891 expected=(4479,0) heap_left=0 head_key=18446744073709551615 stdout_broken=0
forkrun [DIAG-NUMA1] map/run completion:
  nodes=2 workers=96 forked=[0, 1]
  node=0 write=1407 read=1407 finished=1 chunks(head=287 tail=287) tail_empty=1 forked=yes wids=[0, 1, 2, 3, 4, 5, 6, 7, 8, 9, 10, 11, 12, 13, 14, 15, 16, 17, 18, 19, 20, 21, 22, 23, 24, 25, 26, 27, 28, 29, 30, 31, 32, 33, 34, 35, 36, 37, 38, 39, 40, 41, 42, 43, 44, 45, 46, 47]
  node=1 write=21484 read=21484 finished=1 chunks(head=4192 tail=4192) tail_empty=1 forked=yes wids=[48, 49, 50, 51, 52, 53, 54, 55, 56, 57, 58, 59, 60, 61, 62, 63, 64, 65, 66, 67, 68, 69, 70, 71, 72, 73, 74, 75, 76, 77, 78, 79, 80, 81, 82, 83, 84, 85, 86, 87, 88, 89, 90, 91, 92, 93, 94, 95]
forkrun [DIAG-NUMA1] orderer done: numa=1 recv=22891 emitted=22891 expected=(4479,0) heap_left=0 head_key=18446744073709551615 stdout_broken=0
forkrun [DIAG-NUMA1] map/run completion:
  nodes=2 workers=96 forked=[0, 1]
  node=0 write=1017 read=1017 finished=1 chunks(head=180 tail=180) tail_empty=1 forked=yes wids=[0, 1, 2, 3, 4, 5, 6, 7, 8, 9, 10, 11, 12, 13, 14, 15, 16, 17, 18, 19, 20, 21, 22, 23, 24, 25, 26, 27, 28, 29, 30, 31, 32, 33, 34, 35, 36, 37, 38, 39, 40, 41, 42, 43, 44, 45, 46, 47]
  node=1 write=21874 read=21874 finished=1 chunks(head=4299 tail=4299) tail_empty=1 forked=yes wids=[48, 49, 50, 51, 52, 53, 54, 55, 56, 57, 58, 59, 60, 61, 62, 63, 64, 65, 66, 67, 68, 69, 70, 71, 72, 73, 74, 75, 76, 77, 78, 79, 80, 81, 82, 83, 84, 85, 86, 87, 88, 89, 90, 91, 92, 93, 94, 95]
forkrun [DIAG-NUMA1] orderer done: numa=1 recv=22891 emitted=22891 expected=(4479,0) heap_left=0 head_key=18446744073709551615 stdout_broken=0
forkrun [DIAG-NUMA1] map/run completion:
  nodes=2 workers=96 forked=[0, 1]
  node=0 write=1157 read=1157 finished=1 chunks(head=197 tail=197) tail_empty=1 forked=yes wids=[0, 1, 2, 3, 4, 5, 6, 7, 8, 9, 10, 11, 12, 13, 14, 15, 16, 17, 18, 19, 20, 21, 22, 23, 24, 25, 26, 27, 28, 29, 30, 31, 32, 33, 34, 35, 36, 37, 38, 39, 40, 41, 42, 43, 44, 45, 46, 47]
  node=1 write=21734 read=21734 finished=1 chunks(head=4282 tail=4282) tail_empty=1 forked=yes wids=[48, 49, 50, 51, 52, 53, 54, 55, 56, 57, 58, 59, 60, 61, 62, 63, 64, 65, 66, 67, 68, 69, 70, 71, 72, 73, 74, 75, 76, 77, 78, 79, 80, 81, 82, 83, 84, 85, 86, 87, 88, 89, 90, 91, 92, 93, 94, 95]
forkrun [DIAG-NUMA1] orderer done: numa=1 recv=22891 emitted=22891 expected=(4479,0) heap_left=0 head_key=18446744073709551615 stdout_broken=0
forkrun [DIAG-NUMA1] map/run completion:
  nodes=2 workers=96 forked=[0, 1]
  node=0 write=1147 read=1147 finished=1 chunks(head=196 tail=196) tail_empty=1 forked=yes wids=[0, 1, 2, 3, 4, 5, 6, 7, 8, 9, 10, 11, 12, 13, 14, 15, 16, 17, 18, 19, 20, 21, 22, 23, 24, 25, 26, 27, 28, 29, 30, 31, 32, 33, 34, 35, 36, 37, 38, 39, 40, 41, 42, 43, 44, 45, 46, 47]
  node=1 write=21744 read=21744 finished=1 chunks(head=4283 tail=4283) tail_empty=1 forked=yes wids=[48, 49, 50, 51, 52, 53, 54, 55, 56, 57, 58, 59, 60, 61, 62, 63, 64, 65, 66, 67, 68, 69, 70, 71, 72, 73, 74, 75, 76, 77, 78, 79, 80, 81, 82, 83, 84, 85, 86, 87, 88, 89, 90, 91, 92, 93, 94, 95]
forkrun [DIAG-NUMA1] orderer done: numa=1 recv=22891 emitted=22891 expected=(4479,0) heap_left=0 head_key=18446744073709551615 stdout_broken=0
forkrun [DIAG-NUMA1] map/run completion:
  nodes=2 workers=96 forked=[0, 1]
  node=0 write=1197 read=1197 finished=1 chunks(head=203 tail=203) tail_empty=1 forked=yes wids=[0, 1, 2, 3, 4, 5, 6, 7, 8, 9, 10, 11, 12, 13, 14, 15, 16, 17, 18, 19, 20, 21, 22, 23, 24, 25, 26, 27, 28, 29, 30, 31, 32, 33, 34, 35, 36, 37, 38, 39, 40, 41, 42, 43, 44, 45, 46, 47]
  node=1 write=21694 read=21694 finished=1 chunks(head=4276 tail=4276) tail_empty=1 forked=yes wids=[48, 49, 50, 51, 52, 53, 54, 55, 56, 57, 58, 59, 60, 61, 62, 63, 64, 65, 66, 67, 68, 69, 70, 71, 72, 73, 74, 75, 76, 77, 78, 79, 80, 81, 82, 83, 84, 85, 86, 87, 88, 89, 90, 91, 92, 93, 94, 95]
forkrun [DIAG-NUMA1] orderer done: numa=1 recv=22891 emitted=22891 expected=(4479,0) heap_left=0 head_key=18446744073709551615 stdout_broken=0
forkrun [DIAG-NUMA1] map/run completion:
  nodes=2 workers=96 forked=[0, 1]
  node=0 write=2822 read=2822 finished=1 chunks(head=515 tail=515) tail_empty=1 forked=yes wids=[0, 1, 2, 3, 4, 5, 6, 7, 8, 9, 10, 11, 12, 13, 14, 15, 16, 17, 18, 19, 20, 21, 22, 23, 24, 25, 26, 27, 28, 29, 30, 31, 32, 33, 34, 35, 36, 37, 38, 39, 40, 41, 42, 43, 44, 45, 46, 47]
  node=1 write=20069 read=20069 finished=1 chunks(head=3964 tail=3964) tail_empty=1 forked=yes wids=[48, 49, 50, 51, 52, 53, 54, 55, 56, 57, 58, 59, 60, 61, 62, 63, 64, 65, 66, 67, 68, 69, 70, 71, 72, 73, 74, 75, 76, 77, 78, 79, 80, 81, 82, 83, 84, 85, 86, 87, 88, 89, 90, 91, 92, 93, 94, 95]
forkrun [DIAG-NUMA1] orderer done: numa=1 recv=22891 emitted=22891 expected=(4479,0) heap_left=0 head_key=18446744073709551615 stdout_broken=0
forkrun [DIAG-NUMA1] map/run completion:
  nodes=2 workers=96 forked=[0, 1]
  node=0 write=2323 read=2323 finished=1 chunks(head=413 tail=413) tail_empty=1 forked=yes wids=[0, 1, 2, 3, 4, 5, 6, 7, 8, 9, 10, 11, 12, 13, 14, 15, 16, 17, 18, 19, 20, 21, 22, 23, 24, 25, 26, 27, 28, 29, 30, 31, 32, 33, 34, 35, 36, 37, 38, 39, 40, 41, 42, 43, 44, 45, 46, 47]
  node=1 write=20568 read=20568 finished=1 chunks(head=4066 tail=4066) tail_empty=1 forked=yes wids=[48, 49, 50, 51, 52, 53, 54, 55, 56, 57, 58, 59, 60, 61, 62, 63, 64, 65, 66, 67, 68, 69, 70, 71, 72, 73, 74, 75, 76, 77, 78, 79, 80, 81, 82, 83, 84, 85, 86, 87, 88, 89, 90, 91, 92, 93, 94, 95]
forkrun [DIAG-NUMA1] orderer done: numa=1 recv=22891 emitted=22891 expected=(4479,0) heap_left=0 head_key=18446744073709551615 stdout_broken=0
forkrun [DIAG-NUMA1] map/run completion:
  nodes=2 workers=96 forked=[0, 1]
  node=0 write=2392 read=2392 finished=1 chunks(head=449 tail=449) tail_empty=1 forked=yes wids=[0, 1, 2, 3, 4, 5, 6, 7, 8, 9, 10, 11, 12, 13, 14, 15, 16, 17, 18, 19, 20, 21, 22, 23, 24, 25, 26, 27, 28, 29, 30, 31, 32, 33, 34, 35, 36, 37, 38, 39, 40, 41, 42, 43, 44, 45, 46, 47]
  node=1 write=20499 read=20499 finished=1 chunks(head=4030 tail=4030) tail_empty=1 forked=yes wids=[48, 49, 50, 51, 52, 53, 54, 55, 56, 57, 58, 59, 60, 61, 62, 63, 64, 65, 66, 67, 68, 69, 70, 71, 72, 73, 74, 75, 76, 77, 78, 79, 80, 81, 82, 83, 84, 85, 86, 87, 88, 89, 90, 91, 92, 93, 94, 95]
forkrun [DIAG-NUMA1] orderer done: numa=1 recv=22891 emitted=22891 expected=(4479,0) heap_left=0 head_key=18446744073709551615 stdout_broken=0
forkrun [DIAG-NUMA1] map/run completion:
  nodes=2 workers=96 forked=[0, 1]
  node=0 write=2497 read=2497 finished=1 chunks(head=473 tail=473) tail_empty=1 forked=yes wids=[0, 1, 2, 3, 4, 5, 6, 7, 8, 9, 10, 11, 12, 13, 14, 15, 16, 17, 18, 19, 20, 21, 22, 23, 24, 25, 26, 27, 28, 29, 30, 31, 32, 33, 34, 35, 36, 37, 38, 39, 40, 41, 42, 43, 44, 45, 46, 47]
  node=1 write=20394 read=20394 finished=1 chunks(head=4006 tail=4006) tail_empty=1 forked=yes wids=[48, 49, 50, 51, 52, 53, 54, 55, 56, 57, 58, 59, 60, 61, 62, 63, 64, 65, 66, 67, 68, 69, 70, 71, 72, 73, 74, 75, 76, 77, 78, 79, 80, 81, 82, 83, 84, 85, 86, 87, 88, 89, 90, 91, 92, 93, 94, 95]
forkrun [DIAG-NUMA1] orderer done: numa=1 recv=22891 emitted=22891 expected=(4479,0) heap_left=0 head_key=18446744073709551615 stdout_broken=0
forkrun [DIAG-NUMA1] map/run completion:
  nodes=2 workers=96 forked=[0, 1]
  node=0 write=2917 read=2917 finished=1 chunks(head=562 tail=562) tail_empty=1 forked=yes wids=[0, 1, 2, 3, 4, 5, 6, 7, 8, 9, 10, 11, 12, 13, 14, 15, 16, 17, 18, 19, 20, 21, 22, 23, 24, 25, 26, 27, 28, 29, 30, 31, 32, 33, 34, 35, 36, 37, 38, 39, 40, 41, 42, 43, 44, 45, 46, 47]
  node=1 write=19974 read=19974 finished=1 chunks(head=3917 tail=3917) tail_empty=1 forked=yes wids=[48, 49, 50, 51, 52, 53, 54, 55, 56, 57, 58, 59, 60, 61, 62, 63, 64, 65, 66, 67, 68, 69, 70, 71, 72, 73, 74, 75, 76, 77, 78, 79, 80, 81, 82, 83, 84, 85, 86, 87, 88, 89, 90, 91, 92, 93, 94, 95]
forkrun [DIAG-NUMA1] orderer done: numa=1 recv=22891 emitted=22891 expected=(4479,0) heap_left=0 head_key=18446744073709551615 stdout_broken=0
forkrun [DIAG-NUMA1] map/run completion:
  nodes=2 workers=96 forked=[0, 1]
  node=0 write=3757 read=3757 finished=1 chunks(head=694 tail=694) tail_empty=1 forked=yes wids=[0, 1, 2, 3, 4, 5, 6, 7, 8, 9, 10, 11, 12, 13, 14, 15, 16, 17, 18, 19, 20, 21, 22, 23, 24, 25, 26, 27, 28, 29, 30, 31, 32, 33, 34, 35, 36, 37, 38, 39, 40, 41, 42, 43, 44, 45, 46, 47]
  node=1 write=19134 read=19134 finished=1 chunks(head=3785 tail=3785) tail_empty=1 forked=yes wids=[48, 49, 50, 51, 52, 53, 54, 55, 56, 57, 58, 59, 60, 61, 62, 63, 64, 65, 66, 67, 68, 69, 70, 71, 72, 73, 74, 75, 76, 77, 78, 79, 80, 81, 82, 83, 84, 85, 86, 87, 88, 89, 90, 91, 92, 93, 94, 95]
forkrun [DIAG-NUMA1] orderer done: numa=1 recv=22891 emitted=22891 expected=(4479,0) heap_left=0 head_key=18446744073709551615 stdout_broken=0
forkrun [DIAG-NUMA1] map/run completion:
  nodes=2 workers=96 forked=[0, 1]
  node=0 write=3512 read=3512 finished=1 chunks(head=652 tail=652) tail_empty=1 forked=yes wids=[0, 1, 2, 3, 4, 5, 6, 7, 8, 9, 10, 11, 12, 13, 14, 15, 16, 17, 18, 19, 20, 21, 22, 23, 24, 25, 26, 27, 28, 29, 30, 31, 32, 33, 34, 35, 36, 37, 38, 39, 40, 41, 42, 43, 44, 45, 46, 47]
  node=1 write=19379 read=19379 finished=1 chunks(head=3827 tail=3827) tail_empty=1 forked=yes wids=[48, 49, 50, 51, 52, 53, 54, 55, 56, 57, 58, 59, 60, 61, 62, 63, 64, 65, 66, 67, 68, 69, 70, 71, 72, 73, 74, 75, 76, 77, 78, 79, 80, 81, 82, 83, 84, 85, 86, 87, 88, 89, 90, 91, 92, 93, 94, 95]
forkrun [DIAG-NUMA1] orderer done: numa=1 recv=22891 emitted=22891 expected=(4479,0) heap_left=0 head_key=18446744073709551615 stdout_broken=0
forkrun [DIAG-NUMA1] map/run completion:
  nodes=2 workers=96 forked=[0, 1]
  node=0 write=3637 read=3637 finished=1 chunks(head=673 tail=673) tail_empty=1 forked=yes wids=[0, 1, 2, 3, 4, 5, 6, 7, 8, 9, 10, 11, 12, 13, 14, 15, 16, 17, 18, 19, 20, 21, 22, 23, 24, 25, 26, 27, 28, 29, 30, 31, 32, 33, 34, 35, 36, 37, 38, 39, 40, 41, 42, 43, 44, 45, 46, 47]
  node=1 write=19254 read=19254 finished=1 chunks(head=3806 tail=3806) tail_empty=1 forked=yes wids=[48, 49, 50, 51, 52, 53, 54, 55, 56, 57, 58, 59, 60, 61, 62, 63, 64, 65, 66, 67, 68, 69, 70, 71, 72, 73, 74, 75, 76, 77, 78, 79, 80, 81, 82, 83, 84, 85, 86, 87, 88, 89, 90, 91, 92, 93, 94, 95]
forkrun [DIAG-NUMA1] orderer done: numa=1 recv=22891 emitted=22891 expected=(4479,0) heap_left=0 head_key=18446744073709551615 stdout_broken=0
forkrun [DIAG-NUMA1] map/run completion:
  nodes=2 workers=96 forked=[0, 1]
  node=0 write=3917 read=3917 finished=1 chunks(head=748 tail=748) tail_empty=1 forked=yes wids=[0, 1, 2, 3, 4, 5, 6, 7, 8, 9, 10, 11, 12, 13, 14, 15, 16, 17, 18, 19, 20, 21, 22, 23, 24, 25, 26, 27, 28, 29, 30, 31, 32, 33, 34, 35, 36, 37, 38, 39, 40, 41, 42, 43, 44, 45, 46, 47]
  node=1 write=18974 read=18974 finished=1 chunks(head=3731 tail=3731) tail_empty=1 forked=yes wids=[48, 49, 50, 51, 52, 53, 54, 55, 56, 57, 58, 59, 60, 61, 62, 63, 64, 65, 66, 67, 68, 69, 70, 71, 72, 73, 74, 75, 76, 77, 78, 79, 80, 81, 82, 83, 84, 85, 86, 87, 88, 89, 90, 91, 92, 93, 94, 95]
forkrun [DIAG-NUMA1] orderer done: numa=1 recv=22891 emitted=22891 expected=(4479,0) heap_left=0 head_key=18446744073709551615 stdout_broken=0
forkrun [DIAG-NUMA1] map/run completion:
  nodes=2 workers=96 forked=[0, 1]
  node=0 write=3632 read=3632 finished=1 chunks(head=672 tail=672) tail_empty=1 forked=yes wids=[0, 1, 2, 3, 4, 5, 6, 7, 8, 9, 10, 11, 12, 13, 14, 15, 16, 17, 18, 19, 20, 21, 22, 23, 24, 25, 26, 27, 28, 29, 30, 31, 32, 33, 34, 35, 36, 37, 38, 39, 40, 41, 42, 43, 44, 45, 46, 47]
  node=1 write=19259 read=19259 finished=1 chunks(head=3807 tail=3807) tail_empty=1 forked=yes wids=[48, 49, 50, 51, 52, 53, 54, 55, 56, 57, 58, 59, 60, 61, 62, 63, 64, 65, 66, 67, 68, 69, 70, 71, 72, 73, 74, 75, 76, 77, 78, 79, 80, 81, 82, 83, 84, 85, 86, 87, 88, 89, 90, 91, 92, 93, 94, 95]
forkrun [DIAG-NUMA1] orderer done: numa=1 recv=22891 emitted=22891 expected=(4479,0) heap_left=0 head_key=18446744073709551615 stdout_broken=0
--- medium results (this variant) ---
+---------------------------+----------+-------------------+---------+----------+------+--------------------------------------------+
| Benchmark                 | Mode     | Path              | Lines/s | Peak RSS | CPU% | Notes                                      |
+---------------------------+----------+-------------------+---------+----------+------+--------------------------------------------+
| serial-medium             | serial   | udf               | 63k     | 19300MB  | -    | out=19991640/20000000 records, 9.4GB in    |
| pool-medium-8w            | pool     | udf               | 393k    | 20573MB  | -    | out=19991640/20000000 records              |
| executor-medium-8w        | executor | udf               | 400k    | 20671MB  | -    | out=19991640/20000000 records              |
| forkrun-medium-8w         | forkrun  | udf               | 384k    | 20671MB  | -    | out=19991640/20000000 records, order=index |
| forkrun-plugin-medium-8w  | plugin   | c-callback        | 796k    | 20671MB  | -    | out=19991640/20000000 records, frozen ABI  |
| forkrun-yyjson-medium-8w  | plugin   | c-callback-yyjson | 1.0M    | 20671MB  | -    | out=19991640/20000000 records, frozen ABI  |
| pool-medium-16w           | pool     | udf               | 698k    | 22772MB  | -    | out=19991640/20000000 records              |
| executor-medium-16w       | executor | udf               | 715k    | 22772MB  | -    | out=19991640/20000000 records              |
| forkrun-medium-16w        | forkrun  | udf               | 464k    | 22772MB  | -    | out=19991640/20000000 records, order=index |
| forkrun-plugin-medium-16w | plugin   | c-callback        | 845k    | 22772MB  | -    | out=19991640/20000000 records, frozen ABI  |
| forkrun-yyjson-medium-16w | plugin   | c-callback-yyjson | 1.1M    | 22772MB  | -    | out=19991640/20000000 records, frozen ABI  |
| pool-medium-32w           | pool     | udf               | 783k    | 22772MB  | -    | out=19991640/20000000 records              |
| executor-medium-32w       | executor | udf               | 833k    | 22772MB  | -    | out=19991640/20000000 records              |
| forkrun-medium-32w        | forkrun  | udf               | 590k    | 22772MB  | -    | out=19991640/20000000 records, order=index |
| forkrun-plugin-medium-32w | plugin   | c-callback        | 914k    | 22772MB  | -    | out=19991640/20000000 records, frozen ABI  |
| forkrun-yyjson-medium-32w | plugin   | c-callback-yyjson | 995k    | 22772MB  | -    | out=19991640/20000000 records, frozen ABI  |
| pool-medium-48w           | pool     | udf               | 738k    | 22772MB  | -    | out=19991640/20000000 records              |
| executor-medium-48w       | executor | udf               | 777k    | 22772MB  | -    | out=19991640/20000000 records              |
| forkrun-medium-48w        | forkrun  | udf               | 601k    | 22772MB  | -    | out=19991640/20000000 records, order=index |
| forkrun-plugin-medium-48w | plugin   | c-callback        | 856k    | 22772MB  | -    | out=19991640/20000000 records, frozen ABI  |
| forkrun-yyjson-medium-48w | plugin   | c-callback-yyjson | 855k    | 22772MB  | -    | out=19991640/20000000 records, frozen ABI  |
| pool-medium-96w           | pool     | udf               | 997k    | 22772MB  | -    | out=19991640/20000000 records              |
| executor-medium-96w       | executor | udf               | 1.0M    | 22772MB  | -    | out=19991640/20000000 records              |
| forkrun-medium-96w        | forkrun  | udf               | 486k    | 22772MB  | -    | out=19991640/20000000 records, order=index |
| forkrun-plugin-medium-96w | plugin   | c-callback        | 638k    | 22772MB  | -    | out=19991640/20000000 records, frozen ABI  |
| forkrun-yyjson-medium-96w | plugin   | c-callback-yyjson | 583k    | 22772MB  | -    | out=19991640/20000000 records, frozen ABI  |
| polars-native             | polars   | native            | 3.3M    | 22772MB  | -    | out=19991640 rows, lazy/streaming NDJSON   |
| duckdb-native             | duckdb   | native            | 431k    | 22772MB  | -    | out=19991640 rows, SQL/JSON                |
+---------------------------+----------+-------------------+---------+----------+------+--------------------------------------------+

+---------------------------+----------+-------------------+---------+----------+------+--------------------------------------------+
| Benchmark                 | Mode     | Path              | Lines/s | Peak RSS | CPU% | Notes                                      |
+---------------------------+----------+-------------------+---------+----------+------+--------------------------------------------+
| serial-medium             | serial   | udf               | 63k     | 19300MB  | -    | out=19991640/20000000 records, 9.4GB in    |
| pool-medium-8w            | pool     | udf               | 393k    | 20573MB  | -    | out=19991640/20000000 records              |
| executor-medium-8w        | executor | udf               | 400k    | 20671MB  | -    | out=19991640/20000000 records              |
| forkrun-medium-8w         | forkrun  | udf               | 384k    | 20671MB  | -    | out=19991640/20000000 records, order=index |
| forkrun-plugin-medium-8w  | plugin   | c-callback        | 796k    | 20671MB  | -    | out=19991640/20000000 records, frozen ABI  |
| forkrun-yyjson-medium-8w  | plugin   | c-callback-yyjson | 1.0M    | 20671MB  | -    | out=19991640/20000000 records, frozen ABI  |
| pool-medium-16w           | pool     | udf               | 698k    | 22772MB  | -    | out=19991640/20000000 records              |
| executor-medium-16w       | executor | udf               | 715k    | 22772MB  | -    | out=19991640/20000000 records              |
| forkrun-medium-16w        | forkrun  | udf               | 464k    | 22772MB  | -    | out=19991640/20000000 records, order=index |
| forkrun-plugin-medium-16w | plugin   | c-callback        | 845k    | 22772MB  | -    | out=19991640/20000000 records, frozen ABI  |
| forkrun-yyjson-medium-16w | plugin   | c-callback-yyjson | 1.1M    | 22772MB  | -    | out=19991640/20000000 records, frozen ABI  |
| pool-medium-32w           | pool     | udf               | 783k    | 22772MB  | -    | out=19991640/20000000 records              |
| executor-medium-32w       | executor | udf               | 833k    | 22772MB  | -    | out=19991640/20000000 records              |
| forkrun-medium-32w        | forkrun  | udf               | 590k    | 22772MB  | -    | out=19991640/20000000 records, order=index |
| forkrun-plugin-medium-32w | plugin   | c-callback        | 914k    | 22772MB  | -    | out=19991640/20000000 records, frozen ABI  |
| forkrun-yyjson-medium-32w | plugin   | c-callback-yyjson | 995k    | 22772MB  | -    | out=19991640/20000000 records, frozen ABI  |
| pool-medium-48w           | pool     | udf               | 738k    | 22772MB  | -    | out=19991640/20000000 records              |
| executor-medium-48w       | executor | udf               | 777k    | 22772MB  | -    | out=19991640/20000000 records              |
| forkrun-medium-48w        | forkrun  | udf               | 601k    | 22772MB  | -    | out=19991640/20000000 records, order=index |
| forkrun-plugin-medium-48w | plugin   | c-callback        | 856k    | 22772MB  | -    | out=19991640/20000000 records, frozen ABI  |
| forkrun-yyjson-medium-48w | plugin   | c-callback-yyjson | 855k    | 22772MB  | -    | out=19991640/20000000 records, frozen ABI  |
| pool-medium-96w           | pool     | udf               | 997k    | 22772MB  | -    | out=19991640/20000000 records              |
| executor-medium-96w       | executor | udf               | 1.0M    | 22772MB  | -    | out=19991640/20000000 records              |
| forkrun-medium-96w        | forkrun  | udf               | 486k    | 22772MB  | -    | out=19991640/20000000 records, order=index |
| forkrun-plugin-medium-96w | plugin   | c-callback        | 638k    | 22772MB  | -    | out=19991640/20000000 records, frozen ABI  |
| forkrun-yyjson-medium-96w | plugin   | c-callback-yyjson | 583k    | 22772MB  | -    | out=19991640/20000000 records, frozen ABI  |
| polars-native             | polars   | native            | 3.3M    | 22772MB  | -    | out=19991640 rows, lazy/streaming NDJSON   |
| duckdb-native             | duckdb   | native            | 431k    | 22772MB  | -    | out=19991640 rows, SQL/JSON                |
+---------------------------+----------+-------------------+---------+----------+------+--------------------------------------------+

BEST (worker sweep):
  executor     medium    1022117 records/s (470.2 MB/s input)
  forkrun      medium     601236 records/s (276.6 MB/s input)
  forkrun-plugin medium     913897 records/s (420.4 MB/s input)
  forkrun-yyjson medium    1072190 records/s (493.2 MB/s input)
  pool         medium     997257 records/s (458.7 MB/s input)
  serial       medium      62807 records/s ( 28.9 MB/s input)

NOTES:
- Worker sweep [8, 16, 32, 48, 96]; each system's best rate shown above.
- UDF systems run the IDENTICAL Python transformation (ml_payload.py); only batching/transport/scheduling differ.
- Native systems (Polars/DuckDB) use their own expression language (medium variant only); the heavy UDF cannot be expressed natively, which is the point of the comparison.
- forkrun uses order=index (validated counts); Pool/Executor chunk into workers*4 line-chunks (pickled); Ray uses pandas batches via read_text; HF Datasets uses from_text + batched map (batch_size=1000, in-memory).
- Fault injection is crash-once (file markers): first attempt crashes, retry succeeds. forkrun recovers via orchestrator respawn; Pool has no retry (documented).
- RSS is parent-process peak (ru_maxrss); worker/subprocess memory is not attributed per system.
CSV: /opt/forkrun/epyc-rental-out/20_benchmarks/ml20m/ml20m_medium.csv

### rc=0  elapsed=4747s  finished=2026-09-30T10:44:24Z
