### make-python-substrate
### 2026-09-30T03:47:46Z
### cmd: make -C /opt/forkrun -f Makefile.substrate python-substrate

make: Entering directory '/opt/forkrun'
# NOTE: same FTM hygiene as the canary — no -D_GNU_SOURCE on the CLI.
# _shim.c's first directive includes forkrun_ring.c, so the engine's
# FTM block still precedes the first libc include in this TU.
cc -O1 -fPIC -Wall -Wextra -ffile-prefix-map=/opt/forkrun=. -Wno-builtin-macro-redefined '-D__DATE__="Sep  1 2026"' '-D__TIME__="00:00:00"' -DSHELL -DHAVE_CONFIG_H -I/usr/include/bash -I/usr/include/bash/include -I/usr/include/bash/builtins -c python/forkrun/_shim.c -o forkrun_python_shim.o
In file included from python/forkrun/_shim.c:23:
python/forkrun/../../forkrun_ring.c: In function ‘ring_recover_worker_core’:
python/forkrun/../../forkrun_ring.c:7014:19: warning: ignoring return value of ‘ftruncate’ declared with attribute ‘warn_unused_result’ [-Wunused-result]
 7014 |             (void)ftruncate(output_fd, (off_t)txn->output_start);
      |                   ^~~~~~~~~~~~~~~~~~~~~~~~~~~~~~~~~~~~~~~~~~~~~~
python/forkrun/_shim.c: In function ‘fr_py_worker_splice_loop’:
python/forkrun/_shim.c:1463:19: warning: ignoring return value of ‘ftruncate’ declared with attribute ‘warn_unused_result’ [-Wunused-result]
 1463 |             (void)ftruncate(out_fd, end);
      |                   ^~~~~~~~~~~~~~~~~~~~~~
python/forkrun/../../forkrun_ring.c: In function ‘ring_tui_main’:
python/forkrun/../../forkrun_ring.c:10068:57: warning: ‘ Freed’ directive output may be truncated writing 6 bytes into a region of size between 1 and 32 [-Wformat-truncation=]
10068 |         snprintf(str_fallowed, sizeof(str_fallowed), "%s Freed", b_f);
      |                                                         ^~~~~~
In file included from /usr/include/stdio.h:974,
                 from python/forkrun/../../forkrun_ring.c:60:
In function ‘snprintf’,
    inlined from ‘ring_tui_main’ at python/forkrun/../../forkrun_ring.c:10068:9:
/usr/include/x86_64-linux-gnu/bits/stdio2.h:68:10: note: ‘__builtin___snprintf_chk’ output between 7 and 38 bytes into a destination of size 32
   68 |   return __builtin___snprintf_chk (__s, __n, __USE_FORTIFY_LEVEL - 1,
      |          ^~~~~~~~~~~~~~~~~~~~~~~~~~~~~~~~~~~~~~~~~~~~~~~~~~~~~~~~~~~~
   69 |                                    __glibc_objsize (__s), __fmt,
      |                                    ~~~~~~~~~~~~~~~~~~~~~~~~~~~~~
   70 |                                    __va_arg_pack ());
      |                                    ~~~~~~~~~~~~~~~~~
python/forkrun/../../forkrun_ring.c: In function ‘ring_tui_main’:
python/forkrun/../../forkrun_ring.c:10073:38: warning: ‘%s’ directive output may be truncated writing up to 31 bytes into a region of size between 19 and 81 [-Wformat-truncation=]
10073 |                  "%s In Use (%s Act, %s Wait)", b_inuse, b_a, b_w);
      |                                      ^~                       ~~~
In function ‘snprintf’,
    inlined from ‘ring_tui_main’ at python/forkrun/../../forkrun_ring.c:10072:9:
/usr/include/x86_64-linux-gnu/bits/stdio2.h:68:10: note: ‘__builtin___snprintf_chk’ output between 22 and 115 bytes into a destination of size 96
   68 |   return __builtin___snprintf_chk (__s, __n, __USE_FORTIFY_LEVEL - 1,
      |          ^~~~~~~~~~~~~~~~~~~~~~~~~~~~~~~~~~~~~~~~~~~~~~~~~~~~~~~~~~~~
   69 |                                    __glibc_objsize (__s), __fmt,
      |                                    ~~~~~~~~~~~~~~~~~~~~~~~~~~~~~
   70 |                                    __va_arg_pack ());
      |                                    ~~~~~~~~~~~~~~~~~
cc -shared -o python/forkrun/libforkrun_python.so forkrun_python_shim.o substratestubs.o \
	-Wl,--no-undefined -ldl -lrt -Wl,--build-id=none
python substrate artifact: python/forkrun/libforkrun_python.so: ELF 64-bit LSB shared object, x86-64, version 1 (SYSV), dynamically linked, not stripped
python-substrate OK: python/forkrun/libforkrun_python.so
make: Leaving directory '/opt/forkrun'

### rc=0  elapsed=5s  finished=2026-09-30T03:47:51Z
