
(1): time { frun  -X  true <f1 >/dev/null; }
real	0m0.392s
user	0m1.520s
sys	0m3.360s

CPU UTILIZATION: 12.448 / 28

-----------------------------------------

(2): time { frun  -X  true <f1 | wc -l; }
0
real	0m0.406s
user	0m1.564s
sys	0m3.367s

CPU UTILIZATION: 12.145 / 28

-----------------------------------------

(3): time { cat f1 | frun  -X  true >/dev/null; }
real	0m0.402s
user	0m1.502s
sys	0m3.395s

CPU UTILIZATION: 12.181 / 28

-----------------------------------------

(4): time { cat f1 | frun  -X  true | wc -l; }
0
real	0m0.408s
user	0m1.514s
sys	0m3.448s

CPU UTILIZATION: 12.161 / 28

-----------------------------------------

(5): time { frun  -X  echo <f1 >/dev/null; }
real	0m0.403s
user	0m1.543s
sys	0m3.499s

CPU UTILIZATION: 12.511 / 28

-----------------------------------------

(6): time { frun  -X  echo <f1 | wc -l; }
245
real	0m0.419s
user	0m1.552s
sys	0m3.590s

CPU UTILIZATION: 12.272 / 28

-----------------------------------------

(7): time { cat f1 | frun  -X  echo >/dev/null; }
real	0m0.414s
user	0m1.509s
sys	0m3.545s

CPU UTILIZATION: 12.207 / 28

-----------------------------------------

(8): time { cat f1 | frun  -X  echo | wc -l; }
245
real	0m0.414s
user	0m1.550s
sys	0m3.674s

CPU UTILIZATION: 12.618 / 28

-----------------------------------------

(9): time { frun  -X  printf %s\n <f1 >/dev/null; }
real	0m0.439s
user	0m2.274s
sys	0m3.326s

CPU UTILIZATION: 12.756 / 28

-----------------------------------------

(10): time { frun  -X  printf %s\n <f1 | wc -l; }
1000000
real	0m0.440s
user	0m2.322s
sys	0m3.466s

CPU UTILIZATION: 13.154 / 28

-----------------------------------------

(11): time { cat f1 | frun  -X  printf %s\n >/dev/null; }
real	0m0.425s
user	0m2.260s
sys	0m3.386s

CPU UTILIZATION: 13.284 / 28

-----------------------------------------

(12): time { cat f1 | frun  -X  printf %s\n | wc -l; }
1000000
real	0m0.435s
user	0m2.324s
sys	0m3.429s

CPU UTILIZATION: 13.225 / 28

-----------------------------------------

(13): time { frun  -X -l 1:-1 true <f1 >/dev/null; }
real	0m0.264s
user	0m0.411s
sys	0m0.563s

CPU UTILIZATION: 3.689 / 28

-----------------------------------------

(14): time { frun  -X -l 1:-1 true <f1 | wc -l; }
0
real	0m0.297s
user	0m0.450s
sys	0m0.586s

CPU UTILIZATION: 3.488 / 28

-----------------------------------------

(15): time { cat f1 | frun  -X -l 1:-1 true >/dev/null; }
real	0m0.282s
user	0m0.409s
sys	0m0.618s

CPU UTILIZATION: 3.641 / 28

-----------------------------------------

(16): time { cat f1 | frun  -X -l 1:-1 true | wc -l; }
0
real	0m0.284s
user	0m0.426s
sys	0m0.592s

CPU UTILIZATION: 3.584 / 28

-----------------------------------------

(17): time { frun  -X -l 1:-1 echo <f1 >/dev/null; }
real	0m0.280s
user	0m0.439s
sys	0m0.593s

CPU UTILIZATION: 3.685 / 28

-----------------------------------------

(18): time { frun  -X -l 1:-1 echo <f1 | wc -l; }
31
real	0m0.288s
user	0m0.423s
sys	0m0.620s

CPU UTILIZATION: 3.621 / 28

-----------------------------------------

(19): time { cat f1 | frun  -X -l 1:-1 echo >/dev/null; }
real	0m0.286s
user	0m0.449s
sys	0m0.593s

CPU UTILIZATION: 3.643 / 28

-----------------------------------------

(20): time { cat f1 | frun  -X -l 1:-1 echo | wc -l; }
31
real	0m0.285s
user	0m0.437s
sys	0m0.642s

CPU UTILIZATION: 3.785 / 28

-----------------------------------------

(21): time { frun  -X -l 1:-1 printf %s\n <f1 >/dev/null; }
real	0m0.430s
user	0m1.191s
sys	0m0.648s

CPU UTILIZATION: 4.276 / 28

-----------------------------------------

(22): time { frun  -X -l 1:-1 printf %s\n <f1 | wc -l; }
1000000
real	0m0.459s
user	0m1.404s
sys	0m0.753s

CPU UTILIZATION: 4.699 / 28

-----------------------------------------

(23): time { cat f1 | frun  -X -l 1:-1 printf %s\n >/dev/null; }
real	0m0.404s
user	0m1.118s
sys	0m0.629s

CPU UTILIZATION: 4.324 / 28

-----------------------------------------

(24): time { cat f1 | frun  -X -l 1:-1 printf %s\n | wc -l; }
1000000
real	0m0.398s
user	0m1.366s
sys	0m0.744s

CPU UTILIZATION: 5.301 / 28

-----------------------------------------

(25): time { frun -k -X  true <f1 >/dev/null; }
real	0m0.482s
user	0m1.569s
sys	0m3.595s

CPU UTILIZATION: 10.713 / 28

-----------------------------------------

(26): time { frun -k -X  true <f1 | wc -l; }
0
real	0m0.415s
user	0m1.531s
sys	0m3.628s

CPU UTILIZATION: 12.431 / 28

-----------------------------------------

(27): time { cat f1 | frun -k -X  true >/dev/null; }
real	0m0.411s
user	0m1.514s
sys	0m3.623s

CPU UTILIZATION: 12.498 / 28

-----------------------------------------

(28): time { cat f1 | frun -k -X  true | wc -l; }
0
real	0m0.642s
user	0m1.630s
sys	0m2.743s

CPU UTILIZATION: 6.811 / 28

-----------------------------------------

(29): time { frun -k -X  echo <f1 >/dev/null; }
real	0m0.503s
user	0m1.613s
sys	0m3.039s

CPU UTILIZATION: 9.248 / 28

-----------------------------------------

(30): time { frun -k -X  echo <f1 | wc -l; }
245
real	0m0.594s
user	0m1.687s
sys	0m3.666s

CPU UTILIZATION: 9.011 / 28

-----------------------------------------

(31): time { cat f1 | frun -k -X  echo >/dev/null; }
real	0m0.619s
user	0m1.685s
sys	0m2.787s

CPU UTILIZATION: 7.224 / 28

-----------------------------------------

(32): time { cat f1 | frun -k -X  echo | wc -l; }
245
real	0m0.502s
user	0m1.596s
sys	0m3.696s

CPU UTILIZATION: 10.541 / 28

-----------------------------------------

(33): time { frun -k -X  printf %s\n <f1 >/dev/null; }
real	0m0.770s
user	0m2.535s
sys	0m2.944s

CPU UTILIZATION: 7.115 / 28

-----------------------------------------

(34): time { frun -k -X  printf %s\n <f1 | wc -l; }
1000000
real	0m0.632s
user	0m2.475s
sys	0m2.846s

CPU UTILIZATION: 8.419 / 28

-----------------------------------------

(35): time { cat f1 | frun -k -X  printf %s\n >/dev/null; }
real	0m0.543s
user	0m2.331s
sys	0m3.385s

CPU UTILIZATION: 10.526 / 28

-----------------------------------------

(36): time { cat f1 | frun -k -X  printf %s\n | wc -l; }
1000000
real	0m0.751s
user	0m2.551s
sys	0m2.913s

CPU UTILIZATION: 7.275 / 28

-----------------------------------------

(37): time { frun -k -X -l 1:-1 true <f1 >/dev/null; }
real	0m0.275s
user	0m0.416s
sys	0m0.573s

CPU UTILIZATION: 3.596 / 28

-----------------------------------------

(38): time { frun -k -X -l 1:-1 true <f1 | wc -l; }
0
real	0m0.277s
user	0m0.432s
sys	0m0.598s

CPU UTILIZATION: 3.718 / 28

-----------------------------------------

(39): time { cat f1 | frun -k -X -l 1:-1 true >/dev/null; }
real	0m0.263s
user	0m0.409s
sys	0m0.556s

CPU UTILIZATION: 3.669 / 28

-----------------------------------------

(40): time { cat f1 | frun -k -X -l 1:-1 true | wc -l; }
0
real	0m0.300s
user	0m0.447s
sys	0m0.585s

CPU UTILIZATION: 3.440 / 28

-----------------------------------------

(41): time { frun -k -X -l 1:-1 echo <f1 >/dev/null; }
real	0m0.472s
user	0m0.600s
sys	0m0.723s

CPU UTILIZATION: 2.802 / 28

-----------------------------------------

(42): time { frun -k -X -l 1:-1 echo <f1 | wc -l; }
31
real	0m0.300s
user	0m0.449s
sys	0m0.631s

CPU UTILIZATION: 3.600 / 28

-----------------------------------------

(43): time { cat f1 | frun -k -X -l 1:-1 echo >/dev/null; }
real	0m0.511s
user	0m0.607s
sys	0m0.747s

CPU UTILIZATION: 2.649 / 28

-----------------------------------------

(44): time { cat f1 | frun -k -X -l 1:-1 echo | wc -l; }
31
real	0m0.274s
user	0m0.404s
sys	0m0.645s

CPU UTILIZATION: 3.828 / 28

-----------------------------------------

(45): time { frun -k -X -l 1:-1 printf %s\n <f1 >/dev/null; }
real	0m0.339s
user	0m1.033s
sys	0m0.632s

CPU UTILIZATION: 4.911 / 28

-----------------------------------------

(46): time { frun -k -X -l 1:-1 printf %s\n <f1 | wc -l; }
1000000
real	0m0.312s
user	0m1.099s
sys	0m0.641s

CPU UTILIZATION: 5.576 / 28

-----------------------------------------

(47): time { cat f1 | frun -k -X -l 1:-1 printf %s\n >/dev/null; }
real	0m0.473s
user	0m1.400s
sys	0m0.767s

CPU UTILIZATION: 4.581 / 28

-----------------------------------------

(48): time { cat f1 | frun -k -X -l 1:-1 printf %s\n | wc -l; }
1000000
real	0m0.372s
user	0m1.121s
sys	0m0.675s

CPU UTILIZATION: 4.827 / 28

-----------------------------------------

(49): time { frun -u -X  true <f1 >/dev/null; }
real	0m0.683s
user	0m1.702s
sys	0m2.676s

CPU UTILIZATION: 6.409 / 28

-----------------------------------------

(50): time { frun -u -X  true <f1 | wc -l; }
0
real	0m0.452s
user	0m1.562s
sys	0m2.848s

CPU UTILIZATION: 9.756 / 28

-----------------------------------------

(51): time { cat f1 | frun -u -X  true >/dev/null; }
real	0m0.590s
user	0m1.570s
sys	0m3.443s

CPU UTILIZATION: 8.496 / 28

-----------------------------------------

(52): time { cat f1 | frun -u -X  true | wc -l; }
0
real	0m0.381s
user	0m1.511s
sys	0m3.346s

CPU UTILIZATION: 12.748 / 28

-----------------------------------------

(53): time { frun -u -X  echo <f1 >/dev/null; }
real	0m0.557s
user	0m1.636s
sys	0m3.545s

CPU UTILIZATION: 9.301 / 28

-----------------------------------------

(54): time { frun -u -X  echo <f1 | wc -l; }
245
real	0m0.622s
user	0m1.653s
sys	0m2.795s

CPU UTILIZATION: 7.151 / 28

-----------------------------------------

(55): time { cat f1 | frun -u -X  echo >/dev/null; }
real	0m0.466s
user	0m1.505s
sys	0m3.385s

CPU UTILIZATION: 10.493 / 28

-----------------------------------------

(56): time { cat f1 | frun -u -X  echo | wc -l; }
245
real	0m0.643s
user	0m1.648s
sys	0m2.832s

CPU UTILIZATION: 6.967 / 28

-----------------------------------------

(57): time { frun -u -X  printf %s\n <f1 >/dev/null; }
real	0m0.412s
user	0m2.228s
sys	0m3.320s

CPU UTILIZATION: 13.466 / 28

-----------------------------------------

(58): time { frun -u -X  printf %s\n <f1 | wc -l; }
1000000
real	0m0.421s
user	0m2.289s
sys	0m3.399s

CPU UTILIZATION: 13.510 / 28

-----------------------------------------

(59): time { cat f1 | frun -u -X  printf %s\n >/dev/null; }
real	0m0.428s
user	0m2.264s
sys	0m3.308s

CPU UTILIZATION: 13.018 / 28

-----------------------------------------

(60): time { cat f1 | frun -u -X  printf %s\n | wc -l; }
1000000
real	0m0.755s
user	0m2.548s
sys	0m2.876s

CPU UTILIZATION: 7.184 / 28

-----------------------------------------

(61): time { frun -u -X -l 1:-1 true <f1 >/dev/null; }
real	0m0.389s
user	0m0.517s
sys	0m0.700s

CPU UTILIZATION: 3.128 / 28

-----------------------------------------

(62): time { frun -u -X -l 1:-1 true <f1 | wc -l; }
0
real	0m0.367s
user	0m0.427s
sys	0m0.597s

CPU UTILIZATION: 2.790 / 28

-----------------------------------------

(63): time { cat f1 | frun -u -X -l 1:-1 true >/dev/null; }
real	0m0.353s
user	0m0.509s
sys	0m0.694s

CPU UTILIZATION: 3.407 / 28

-----------------------------------------

(64): time { cat f1 | frun -u -X -l 1:-1 true | wc -l; }
0
real	0m0.413s
user	0m0.465s
sys	0m0.622s

CPU UTILIZATION: 2.631 / 28

-----------------------------------------

(65): time { frun -u -X -l 1:-1 echo <f1 >/dev/null; }
real	0m0.315s
user	0m0.518s
sys	0m0.669s

CPU UTILIZATION: 3.768 / 28

-----------------------------------------

(66): time { frun -u -X -l 1:-1 echo <f1 | wc -l; }
31
real	0m0.479s
user	0m0.568s
sys	0m0.736s

CPU UTILIZATION: 2.722 / 28

-----------------------------------------

(67): time { cat f1 | frun -u -X -l 1:-1 echo >/dev/null; }
real	0m0.316s
user	0m0.494s
sys	0m0.695s

CPU UTILIZATION: 3.762 / 28

-----------------------------------------

(68): time { cat f1 | frun -u -X -l 1:-1 echo | wc -l; }
31
real	0m0.470s
user	0m0.579s
sys	0m0.751s

CPU UTILIZATION: 2.829 / 28

-----------------------------------------

(69): time { frun -u -X -l 1:-1 printf %s\n <f1 >/dev/null; }
real	0m0.413s
user	0m1.361s
sys	0m0.734s

CPU UTILIZATION: 5.072 / 28

-----------------------------------------

(70): time { frun -u -X -l 1:-1 printf %s\n <f1 | wc -l; }
1000000
real	0m0.396s
user	0m1.071s
sys	0m0.636s

CPU UTILIZATION: 4.310 / 28

-----------------------------------------

(71): time { cat f1 | frun -u -X -l 1:-1 printf %s\n >/dev/null; }
real	0m0.272s
user	0m1.015s
sys	0m0.610s

CPU UTILIZATION: 5.974 / 28

-----------------------------------------

(72): time { cat f1 | frun -u -X -l 1:-1 printf %s\n | wc -l; }
1000000
real	0m0.286s
user	0m1.019s
sys	0m0.623s

CPU UTILIZATION: 5.741 / 28

-----------------------------------------

(73): time { frun -U -X  true <f1 >/dev/null; }
real	0m0.362s
user	0m1.877s
sys	0m0.290s

CPU UTILIZATION: 5.986 / 28

-----------------------------------------

(74): time { frun -U -X  true <f1 | wc -l; }
0
real	0m0.559s
user	0m2.392s
sys	0m0.358s

CPU UTILIZATION: 4.919 / 28

-----------------------------------------

(75): time { cat f1 | frun -U -X  true >/dev/null; }
real	0m0.350s
user	0m1.878s
sys	0m0.333s

CPU UTILIZATION: 6.317 / 28

-----------------------------------------

(76): time { cat f1 | frun -U -X  true | wc -l; }
0
real	0m0.458s
user	0m2.358s
sys	0m0.357s

CPU UTILIZATION: 5.927 / 28

-----------------------------------------

(77): time { frun -U -X  echo <f1 >/dev/null; }
real	0m0.359s
user	0m1.782s
sys	0m0.308s

CPU UTILIZATION: 5.821 / 28

-----------------------------------------

(78): time { frun -U -X  echo <f1 | wc -l; }
245
real	0m0.305s
user	0m1.831s
sys	0m0.331s

CPU UTILIZATION: 7.088 / 28

-----------------------------------------

(79): time { cat f1 | frun -U -X  echo >/dev/null; }
real	0m0.299s
user	0m1.798s
sys	0m0.313s

CPU UTILIZATION: 7.060 / 28

-----------------------------------------

(80): time { cat f1 | frun -U -X  echo | wc -l; }
245
real	0m0.300s
user	0m1.877s
sys	0m0.335s

CPU UTILIZATION: 7.373 / 28

-----------------------------------------

(81): time { frun -U -X  printf %s\n <f1 >/dev/null; }
real	0m0.560s
user	0m2.373s
sys	0m0.353s

CPU UTILIZATION: 4.867 / 28

-----------------------------------------

(82): time { frun -U -X  printf %s\n <f1 | wc -l; }
245
real	0m0.308s
user	0m1.846s
sys	0m0.327s

CPU UTILIZATION: 7.055 / 28

-----------------------------------------

(83): time { cat f1 | frun -U -X  printf %s\n >/dev/null; }
real	0m0.577s
user	0m2.410s
sys	0m0.360s

CPU UTILIZATION: 4.800 / 28

-----------------------------------------

(84): time { cat f1 | frun -U -X  printf %s\n | wc -l; }
245
real	0m0.297s
user	0m1.869s
sys	0m0.326s

CPU UTILIZATION: 7.390 / 28

-----------------------------------------

(85): time { frun -U -X -l 1:-1 true <f1 >/dev/null; }
real	0m0.311s
user	0m1.550s
sys	0m0.372s

CPU UTILIZATION: 6.180 / 28

-----------------------------------------

(86): time { frun -U -X -l 1:-1 true <f1 | wc -l; }
0
real	0m0.317s
user	0m1.567s
sys	0m0.383s

CPU UTILIZATION: 6.151 / 28

-----------------------------------------

(87): time { cat f1 | frun -U -X -l 1:-1 true >/dev/null; }
real	0m0.515s
user	0m2.151s
sys	0m0.456s

CPU UTILIZATION: 5.062 / 28

-----------------------------------------

(88): time { cat f1 | frun -U -X -l 1:-1 true | wc -l; }
0
real	0m0.388s
user	0m1.688s
sys	0m0.406s

CPU UTILIZATION: 5.396 / 28

-----------------------------------------

(89): time { frun -U -X -l 1:-1 echo <f1 >/dev/null; }
real	0m0.558s
user	0m2.180s
sys	0m0.448s

CPU UTILIZATION: 4.709 / 28

-----------------------------------------

(90): time { frun -U -X -l 1:-1 echo <f1 | wc -l; }
31
real	0m0.325s
user	0m1.655s
sys	0m0.393s

CPU UTILIZATION: 6.301 / 28

-----------------------------------------

(91): time { cat f1 | frun -U -X -l 1:-1 echo >/dev/null; }
real	0m0.575s
user	0m2.203s
sys	0m0.453s

CPU UTILIZATION: 4.619 / 28

-----------------------------------------

(92): time { cat f1 | frun -U -X -l 1:-1 echo | wc -l; }
31
real	0m0.311s
user	0m1.538s
sys	0m0.401s

CPU UTILIZATION: 6.234 / 28

-----------------------------------------

(93): time { frun -U -X -l 1:-1 printf %s\n <f1 >/dev/null; }
real	0m0.589s
user	0m2.179s
sys	0m0.475s

CPU UTILIZATION: 4.505 / 28

-----------------------------------------

(94): time { frun -U -X -l 1:-1 printf %s\n <f1 | wc -l; }
31
real	0m0.298s
user	0m1.572s
sys	0m0.398s

CPU UTILIZATION: 6.610 / 28

-----------------------------------------

(95): time { cat f1 | frun -U -X -l 1:-1 printf %s\n >/dev/null; }
real	0m0.620s
user	0m2.201s
sys	0m0.478s

CPU UTILIZATION: 4.320 / 28

-----------------------------------------

(96): time { cat f1 | frun -U -X -l 1:-1 printf %s\n | wc -l; }
31
real	0m0.304s
user	0m1.557s
sys	0m0.421s

CPU UTILIZATION: 6.506 / 28

-----------------------------------------

(97): time { frun -s : <f1 >/dev/null; }
real	0m0.413s
user	0m0.316s
sys	0m0.301s

CPU UTILIZATION: 1.493 / 28

-----------------------------------------

(98): time { frun -s : <f1 | wc -l; }
0
real	0m0.258s
user	0m0.233s
sys	0m0.213s

CPU UTILIZATION: 1.728 / 28

-----------------------------------------

(99): time { cat f1 | frun -s : >/dev/null; }
real	0m0.259s
user	0m0.214s
sys	0m0.222s

CPU UTILIZATION: 1.683 / 28

-----------------------------------------

(100): time { cat f1 | frun -s : | wc -l; }
0
real	0m0.275s
user	0m0.235s
sys	0m0.229s

CPU UTILIZATION: 1.687 / 28

-----------------------------------------

(101): time { frun -s cat <f1 >/dev/null; }
real	0m0.599s
user	0m1.603s
sys	0m2.660s

CPU UTILIZATION: 7.116 / 28

-----------------------------------------

(102): time { frun -s cat <f1 | wc -l; }
1000000
real	0m0.490s
user	0m1.493s
sys	0m3.485s

CPU UTILIZATION: 10.159 / 28

-----------------------------------------

(103): time { cat f1 | frun -s cat >/dev/null; }
real	0m0.719s
user	0m1.645s
sys	0m2.655s

CPU UTILIZATION: 5.980 / 28

-----------------------------------------

(104): time { cat f1 | frun -s cat | wc -l; }
1000000
real	0m0.425s
user	0m1.492s
sys	0m3.530s

CPU UTILIZATION: 11.816 / 28

-----------------------------------------

(105): time { frun -s tee <f1 >/dev/null; }
real	0m0.405s
user	0m1.364s
sys	0m3.590s

CPU UTILIZATION: 12.232 / 28

-----------------------------------------

(106): time { frun -s tee <f1 | wc -l; }
1000000
real	0m0.443s
user	0m1.441s
sys	0m3.482s

CPU UTILIZATION: 11.112 / 28

-----------------------------------------

(107): time { cat f1 | frun -s tee >/dev/null; }
real	0m0.642s
user	0m1.548s
sys	0m3.243s

CPU UTILIZATION: 7.462 / 28

-----------------------------------------

(108): time { cat f1 | frun -s tee | wc -l; }
1000000
real	0m0.611s
user	0m1.526s
sys	0m2.695s

CPU UTILIZATION: 6.908 / 28

-----------------------------------------

(109): time { frun -b 524288 : <f1 >/dev/null; }
real	0m0.284s
user	0m0.176s
sys	0m0.206s

CPU UTILIZATION: 1.345 / 28

-----------------------------------------

(110): time { frun -b 524288 : <f1 | wc -l; }
0
real	0m0.371s
user	0m0.223s
sys	0m0.285s

CPU UTILIZATION: 1.369 / 28

-----------------------------------------

(111): time { cat f1 | frun -b 524288 : >/dev/null; }
real	0m0.338s
user	0m0.214s
sys	0m0.221s

CPU UTILIZATION: 1.286 / 28

-----------------------------------------

(112): time { cat f1 | frun -b 524288 : | wc -l; }
0
real	0m0.273s
user	0m0.192s
sys	0m0.221s

CPU UTILIZATION: 1.512 / 28

-----------------------------------------

(113): time { frun -b 524288 cat <f1 >/dev/null; }
real	0m0.403s
user	0m0.244s
sys	0m0.258s

CPU UTILIZATION: 1.245 / 28

-----------------------------------------

(114): time { frun -b 524288 cat <f1 | wc -l; }
1000000
real	0m0.281s
user	0m0.179s
sys	0m0.255s

CPU UTILIZATION: 1.544 / 28

-----------------------------------------

(115): time { cat f1 | frun -b 524288 cat >/dev/null; }
real	0m0.426s
user	0m0.234s
sys	0m0.341s

CPU UTILIZATION: 1.349 / 28

-----------------------------------------

(116): time { cat f1 | frun -b 524288 cat | wc -l; }
1000000
real	0m0.276s
user	0m0.176s
sys	0m0.253s

CPU UTILIZATION: 1.554 / 28

-----------------------------------------

(117): time { frun -b 524288 tee <f1 >/dev/null; }
real	0m0.414s
user	0m0.241s
sys	0m0.306s

CPU UTILIZATION: 1.321 / 28

-----------------------------------------

(118): time { frun -b 524288 tee <f1 | wc -l; }
1000000
real	0m0.284s
user	0m0.202s
sys	0m0.243s

CPU UTILIZATION: 1.566 / 28

-----------------------------------------

(119): time { cat f1 | frun -b 524288 tee >/dev/null; }
real	0m0.266s
user	0m0.176s
sys	0m0.237s

CPU UTILIZATION: 1.552 / 28

-----------------------------------------

(120): time { cat f1 | frun -b 524288 tee | wc -l; }
1000000
real	0m0.259s
user	0m0.194s
sys	0m0.241s

CPU UTILIZATION: 1.679 / 28

-----------------------------------------

(121): time { frun -b4096 -s : <f1 >/dev/null; }
real	0m0.250s
user	0m0.203s
sys	0m0.198s

CPU UTILIZATION: 1.604 / 28

-----------------------------------------

(122): time { frun -b4096 -s : <f1 | wc -l; }
0
real	0m0.392s
user	0m0.320s
sys	0m0.305s

CPU UTILIZATION: 1.594 / 28

-----------------------------------------

(123): time { cat f1 | frun -b4096 -s : >/dev/null; }
real	0m0.327s
user	0m0.249s
sys	0m0.233s

CPU UTILIZATION: 1.474 / 28

-----------------------------------------

(124): time { cat f1 | frun -b4096 -s : | wc -l; }
0
real	0m0.379s
user	0m0.310s
sys	0m0.322s

CPU UTILIZATION: 1.667 / 28

-----------------------------------------

(125): time { frun -b4096 -s cat <f1 >/dev/null; }
real	0m0.388s
user	0m1.415s
sys	0m3.598s

CPU UTILIZATION: 12.920 / 28

-----------------------------------------

(126): time { frun -b4096 -s cat <f1 | wc -l; }
1000000
real	0m0.423s
user	0m1.521s
sys	0m3.645s

CPU UTILIZATION: 12.212 / 28

-----------------------------------------

(127): time { cat f1 | frun -b4096 -s cat >/dev/null; }
real	0m0.403s
user	0m1.484s
sys	0m3.414s

CPU UTILIZATION: 12.153 / 28

-----------------------------------------

(128): time { cat f1 | frun -b4096 -s cat | wc -l; }
1000000
real	0m0.680s
user	0m1.623s
sys	0m2.746s

CPU UTILIZATION: 6.425 / 28

-----------------------------------------

(129): time { frun -b4096 -s tee <f1 >/dev/null; }
real	0m0.620s
user	0m1.513s
sys	0m2.669s

CPU UTILIZATION: 6.745 / 28

-----------------------------------------

(130): time { frun -b4096 -s tee <f1 | wc -l; }
1000000
real	0m0.493s
user	0m1.427s
sys	0m3.625s

CPU UTILIZATION: 10.247 / 28

-----------------------------------------

(131): time { cat f1 | frun -b4096 -s tee >/dev/null; }
real	0m0.694s
user	0m1.567s
sys	0m2.822s

CPU UTILIZATION: 6.324 / 28

-----------------------------------------

(132): time { cat f1 | frun -b4096 -s tee | wc -l; }
1000000
real	0m0.400s
user	0m1.458s
sys	0m3.720s

CPU UTILIZATION: 12.945 / 28

-----------------------------------------

(133): time { frun  -X  true <f2 >/dev/null; }
real	0m0.582s
user	0m1.699s
sys	0m3.519s

CPU UTILIZATION: 8.965 / 28

-----------------------------------------

(134): time { frun  -X  true <f2 | wc -l; }
0
real	0m0.637s
user	0m1.671s
sys	0m2.807s

CPU UTILIZATION: 7.029 / 28

-----------------------------------------

(135): time { cat f2 | frun  -X  true >/dev/null; }
real	0m0.488s
user	0m1.612s
sys	0m3.356s

CPU UTILIZATION: 10.180 / 28

-----------------------------------------

(136): time { cat f2 | frun  -X  true | wc -l; }
0
real	0m0.708s
user	0m1.779s
sys	0m2.818s

CPU UTILIZATION: 6.492 / 28

-----------------------------------------

(137): time { frun  -X  echo <f2 >/dev/null; }
real	0m0.403s
user	0m1.546s
sys	0m3.649s

CPU UTILIZATION: 12.890 / 28

-----------------------------------------

(138): time { frun  -X  echo <f2 | wc -l; }
245
real	0m0.413s
user	0m1.641s
sys	0m3.666s

CPU UTILIZATION: 12.849 / 28

-----------------------------------------

(139): time { cat f2 | frun  -X  echo >/dev/null; }
real	0m0.447s
user	0m1.569s
sys	0m3.508s

CPU UTILIZATION: 11.357 / 28

-----------------------------------------

(140): time { cat f2 | frun  -X  echo | wc -l; }
245
real	0m0.499s
user	0m1.620s
sys	0m3.697s

CPU UTILIZATION: 10.655 / 28

-----------------------------------------

(141): time { frun  -X  printf %s\n <f2 >/dev/null; }
real	0m0.444s
user	0m2.386s
sys	0m3.537s

CPU UTILIZATION: 13.340 / 28

-----------------------------------------

(142): time { frun  -X  printf %s\n <f2 | wc -l; }
1000000
real	0m0.454s
user	0m2.457s
sys	0m3.690s

CPU UTILIZATION: 13.539 / 28

-----------------------------------------

(143): time { cat f2 | frun  -X  printf %s\n >/dev/null; }
real	0m0.486s
user	0m2.506s
sys	0m3.394s

CPU UTILIZATION: 12.139 / 28

-----------------------------------------

(144): time { cat f2 | frun  -X  printf %s\n | wc -l; }
1000000
real	0m0.505s
user	0m2.472s
sys	0m3.502s

CPU UTILIZATION: 11.829 / 28

-----------------------------------------

(145): time { frun  -X -l 1:-1 true <f2 >/dev/null; }
real	0m0.265s
user	0m0.434s
sys	0m0.592s

CPU UTILIZATION: 3.871 / 28

-----------------------------------------

(146): time { frun  -X -l 1:-1 true <f2 | wc -l; }
0
real	0m0.277s
user	0m0.475s
sys	0m0.616s

CPU UTILIZATION: 3.938 / 28

-----------------------------------------

(147): time { cat f2 | frun  -X -l 1:-1 true >/dev/null; }
real	0m0.490s
user	0m2.129s
sys	0m5.256s

CPU UTILIZATION: 15.071 / 28

-----------------------------------------

(148): time { cat f2 | frun  -X -l 1:-1 true | wc -l; }
0
real	0m0.356s
user	0m0.607s
sys	0m0.772s

CPU UTILIZATION: 3.873 / 28

-----------------------------------------

(149): time { frun  -X -l 1:-1 echo <f2 >/dev/null; }
real	0m0.304s
user	0m0.548s
sys	0m0.704s

CPU UTILIZATION: 4.118 / 28

-----------------------------------------

(150): time { frun  -X -l 1:-1 echo <f2 | wc -l; }
31
real	0m0.283s
user	0m0.468s
sys	0m0.660s

CPU UTILIZATION: 3.985 / 28

-----------------------------------------

(151): time { cat f2 | frun  -X -l 1:-1 echo >/dev/null; }
real	0m0.293s
user	0m0.491s
sys	0m0.646s

CPU UTILIZATION: 3.880 / 28

-----------------------------------------

(152): time { cat f2 | frun  -X -l 1:-1 echo | wc -l; }
31
real	0m0.282s
user	0m0.486s
sys	0m0.683s

CPU UTILIZATION: 4.145 / 28

-----------------------------------------

(153): time { frun  -X -l 1:-1 printf %s\n <f2 >/dev/null; }
real	0m0.673s
user	0m3.165s
sys	0m4.280s

CPU UTILIZATION: 11.062 / 28

-----------------------------------------

(154): time { frun  -X -l 1:-1 printf %s\n <f2 | wc -l; }
1000000
real	0m0.316s
user	0m1.276s
sys	0m0.679s

CPU UTILIZATION: 6.186 / 28

-----------------------------------------

(155): time { cat f2 | frun  -X -l 1:-1 printf %s\n >/dev/null; }
real	0m0.552s
user	0m3.019s
sys	0m5.263s

CPU UTILIZATION: 15.003 / 28

-----------------------------------------

(156): time { cat f2 | frun  -X -l 1:-1 printf %s\n | wc -l; }
1000000
real	0m0.312s
user	0m1.149s
sys	0m0.715s

CPU UTILIZATION: 5.974 / 28

-----------------------------------------

(157): time { frun -k -X  true <f2 >/dev/null; }
real	0m0.442s
user	0m1.557s
sys	0m3.508s

CPU UTILIZATION: 11.459 / 28

-----------------------------------------

(158): time { frun -k -X  true <f2 | wc -l; }
0
real	0m0.489s
user	0m1.619s
sys	0m3.587s

CPU UTILIZATION: 10.646 / 28

-----------------------------------------

(159): time { cat f2 | frun -k -X  true >/dev/null; }
real	0m0.462s
user	0m1.627s
sys	0m3.558s

CPU UTILIZATION: 11.222 / 28

-----------------------------------------

(160): time { cat f2 | frun -k -X  true | wc -l; }
0
real	0m0.408s
user	0m1.593s
sys	0m3.581s

CPU UTILIZATION: 12.681 / 28

-----------------------------------------

(161): time { frun -k -X  echo <f2 >/dev/null; }
real	0m0.488s
user	0m1.633s
sys	0m3.676s

CPU UTILIZATION: 10.879 / 28

-----------------------------------------

(162): time { frun -k -X  echo <f2 | wc -l; }
245
real	0m0.477s
user	0m1.687s
sys	0m3.678s

CPU UTILIZATION: 11.247 / 28

-----------------------------------------

(163): time { cat f2 | frun -k -X  echo >/dev/null; }
real	0m0.471s
user	0m1.682s
sys	0m3.689s

CPU UTILIZATION: 11.403 / 28

-----------------------------------------

(164): time { cat f2 | frun -k -X  echo | wc -l; }
245
real	0m0.408s
user	0m1.645s
sys	0m3.733s

CPU UTILIZATION: 13.181 / 28

-----------------------------------------

(165): time { frun -k -X  printf %s\n <f2 >/dev/null; }
real	0m0.439s
user	0m2.379s
sys	0m3.634s

CPU UTILIZATION: 13.697 / 28

-----------------------------------------

(166): time { frun -k -X  printf %s\n <f2 | wc -l; }
1000000
real	0m0.447s
user	0m2.452s
sys	0m3.533s

CPU UTILIZATION: 13.389 / 28

-----------------------------------------

(167): time { cat f2 | frun -k -X  printf %s\n >/dev/null; }
real	0m0.456s
user	0m2.406s
sys	0m3.888s

CPU UTILIZATION: 13.802 / 28

-----------------------------------------

(168): time { cat f2 | frun -k -X  printf %s\n | wc -l; }
1000000
real	0m0.449s
user	0m2.532s
sys	0m3.508s

CPU UTILIZATION: 13.452 / 28

-----------------------------------------

(169): time { frun -k -X -l 1:-1 true <f2 >/dev/null; }
real	0m0.295s
user	0m0.523s
sys	0m0.720s

CPU UTILIZATION: 4.213 / 28

-----------------------------------------

(170): time { frun -k -X -l 1:-1 true <f2 | wc -l; }
0
real	0m0.500s
user	0m2.094s
sys	0m5.435s

CPU UTILIZATION: 15.058 / 28

-----------------------------------------

(171): time { cat f2 | frun -k -X -l 1:-1 true >/dev/null; }
real	0m0.280s
user	0m0.461s
sys	0m0.614s

CPU UTILIZATION: 3.839 / 28

-----------------------------------------

(172): time { cat f2 | frun -k -X -l 1:-1 true | wc -l; }
0
real	0m0.311s
user	0m0.465s
sys	0m0.658s

CPU UTILIZATION: 3.610 / 28

-----------------------------------------

(173): time { frun -k -X -l 1:-1 echo <f2 >/dev/null; }
real	0m0.281s
user	0m0.461s
sys	0m0.605s

CPU UTILIZATION: 3.793 / 28

-----------------------------------------

(174): time { frun -k -X -l 1:-1 echo <f2 | wc -l; }
31
real	0m0.270s
user	0m0.488s
sys	0m0.661s

CPU UTILIZATION: 4.255 / 28

-----------------------------------------

(175): time { cat f2 | frun -k -X -l 1:-1 echo >/dev/null; }
real	0m0.292s
user	0m0.477s
sys	0m0.671s

CPU UTILIZATION: 3.931 / 28

-----------------------------------------

(176): time { cat f2 | frun -k -X -l 1:-1 echo | wc -l; }
361
real	0m0.516s
user	0m2.239s
sys	0m5.417s

CPU UTILIZATION: 14.837 / 28

-----------------------------------------

(177): time { frun -k -X -l 1:-1 printf %s\n <f2 >/dev/null; }
real	0m0.305s
user	0m1.081s
sys	0m0.674s

CPU UTILIZATION: 5.754 / 28

-----------------------------------------

(178): time { frun -k -X -l 1:-1 printf %s\n <f2 | wc -l; }
1000000
real	0m0.307s
user	0m1.137s
sys	0m0.695s

CPU UTILIZATION: 5.967 / 28

-----------------------------------------

(179): time { cat f2 | frun -k -X -l 1:-1 printf %s\n >/dev/null; }
real	0m0.545s
user	0m3.064s
sys	0m5.406s

CPU UTILIZATION: 15.541 / 28

-----------------------------------------

(180): time { cat f2 | frun -k -X -l 1:-1 printf %s\n | wc -l; }
1000000
real	0m0.301s
user	0m1.145s
sys	0m0.705s

CPU UTILIZATION: 6.146 / 28

-----------------------------------------

(181): time { frun -u -X  true <f2 >/dev/null; }
real	0m0.387s
user	0m1.496s
sys	0m3.482s

CPU UTILIZATION: 12.863 / 28

-----------------------------------------

(182): time { frun -u -X  true <f2 | wc -l; }
0
real	0m0.384s
user	0m1.494s
sys	0m3.480s

CPU UTILIZATION: 12.953 / 28

-----------------------------------------

(183): time { cat f2 | frun -u -X  true >/dev/null; }
real	0m0.390s
user	0m1.552s
sys	0m3.366s

CPU UTILIZATION: 12.610 / 28

-----------------------------------------

(184): time { cat f2 | frun -u -X  true | wc -l; }
0
real	0m0.387s
user	0m1.531s
sys	0m3.265s

CPU UTILIZATION: 12.392 / 28

-----------------------------------------

(185): time { frun -u -X  echo <f2 >/dev/null; }
real	0m0.382s
user	0m1.522s
sys	0m3.507s

CPU UTILIZATION: 13.164 / 28

-----------------------------------------

(186): time { frun -u -X  echo <f2 | wc -l; }
245
real	0m0.397s
user	0m1.562s
sys	0m3.505s

CPU UTILIZATION: 12.763 / 28

-----------------------------------------

(187): time { cat f2 | frun -u -X  echo >/dev/null; }
real	0m0.388s
user	0m1.557s
sys	0m3.378s

CPU UTILIZATION: 12.719 / 28

-----------------------------------------

(188): time { cat f2 | frun -u -X  echo | wc -l; }
245
real	0m0.390s
user	0m1.611s
sys	0m3.510s

CPU UTILIZATION: 13.130 / 28

-----------------------------------------

(189): time { frun -u -X  printf %s\n <f2 >/dev/null; }
real	0m0.417s
user	0m2.343s
sys	0m3.420s

CPU UTILIZATION: 13.820 / 28

-----------------------------------------

(190): time { frun -u -X  printf %s\n <f2 | wc -l; }
1000000
real	0m0.476s
user	0m2.498s
sys	0m3.153s

CPU UTILIZATION: 11.871 / 28

-----------------------------------------

(191): time { cat f2 | frun -u -X  printf %s\n >/dev/null; }
real	0m0.470s
user	0m2.468s
sys	0m3.408s

CPU UTILIZATION: 12.502 / 28

-----------------------------------------

(192): time { cat f2 | frun -u -X  printf %s\n | wc -l; }
1000000
real	0m0.460s
user	0m2.522s
sys	0m3.518s

CPU UTILIZATION: 13.130 / 28

-----------------------------------------

(193): time { frun -u -X -l 1:-1 true <f2 >/dev/null; }
real	0m0.269s
user	0m0.457s
sys	0m0.586s

CPU UTILIZATION: 3.877 / 28

-----------------------------------------

(194): time { frun -u -X -l 1:-1 true <f2 | wc -l; }
0
real	0m0.312s
user	0m0.540s
sys	0m0.688s

CPU UTILIZATION: 3.935 / 28

-----------------------------------------

(195): time { cat f2 | frun -u -X -l 1:-1 true >/dev/null; }
real	0m0.309s
user	0m0.510s
sys	0m0.750s

CPU UTILIZATION: 4.077 / 28

-----------------------------------------

(196): time { cat f2 | frun -u -X -l 1:-1 true | wc -l; }
0
real	0m0.302s
user	0m0.511s
sys	0m0.720s

CPU UTILIZATION: 4.076 / 28

-----------------------------------------

(197): time { frun -u -X -l 1:-1 echo <f2 >/dev/null; }
real	0m0.287s
user	0m0.477s
sys	0m0.589s

CPU UTILIZATION: 3.714 / 28

-----------------------------------------

(198): time { frun -u -X -l 1:-1 echo <f2 | wc -l; }
31
real	0m0.280s
user	0m0.475s
sys	0m0.664s

CPU UTILIZATION: 4.067 / 28

-----------------------------------------

(199): time { cat f2 | frun -u -X -l 1:-1 echo >/dev/null; }
real	0m0.483s
user	0m0.651s
sys	0m0.766s

CPU UTILIZATION: 2.933 / 28

-----------------------------------------

(200): time { cat f2 | frun -u -X -l 1:-1 echo | wc -l; }
31
real	0m0.288s
user	0m0.481s
sys	0m0.679s

CPU UTILIZATION: 4.027 / 28

-----------------------------------------

(201): time { frun -u -X -l 1:-1 printf %s\n <f2 >/dev/null; }
real	0m0.369s
user	0m1.165s
sys	0m0.641s

CPU UTILIZATION: 4.894 / 28

-----------------------------------------

(202): time { frun -u -X -l 1:-1 printf %s\n <f2 | wc -l; }
1000000
real	0m0.522s
user	0m1.565s
sys	0m0.779s

CPU UTILIZATION: 4.490 / 28

-----------------------------------------

(203): time { cat f2 | frun -u -X -l 1:-1 printf %s\n >/dev/null; }
real	0m0.332s
user	0m1.129s
sys	0m0.682s

CPU UTILIZATION: 5.454 / 28

-----------------------------------------

(204): time { cat f2 | frun -u -X -l 1:-1 printf %s\n | wc -l; }
1000000
real	0m0.512s
user	0m3.042s
sys	0m5.135s

CPU UTILIZATION: 15.970 / 28

-----------------------------------------

(205): time { frun -U -X  true <f2 >/dev/null; }
real	0m0.413s
user	0m4.561s
sys	0m0.335s

CPU UTILIZATION: 11.854 / 28

-----------------------------------------

(206): time { frun -U -X  true <f2 | wc -l; }
0
real	0m0.643s
user	0m5.139s
sys	0m0.394s

CPU UTILIZATION: 8.604 / 28

-----------------------------------------

(207): time { cat f2 | frun -U -X  true >/dev/null; }
real	0m0.630s
user	0m5.181s
sys	0m0.350s

CPU UTILIZATION: 8.779 / 28

-----------------------------------------

(208): time { cat f2 | frun -U -X  true | wc -l; }
0
real	0m0.492s
user	0m4.644s
sys	0m0.359s

CPU UTILIZATION: 10.168 / 28

-----------------------------------------

(209): time { frun -U -X  echo <f2 >/dev/null; }
real	0m0.421s
user	0m4.753s
sys	0m0.329s

CPU UTILIZATION: 12.071 / 28

-----------------------------------------

(210): time { frun -U -X  echo <f2 | wc -l; }
245
real	0m0.415s
user	0m4.859s
sys	0m0.351s

CPU UTILIZATION: 12.554 / 28

-----------------------------------------

(211): time { cat f2 | frun -U -X  echo >/dev/null; }
real	0m0.772s
user	0m5.516s
sys	0m0.425s

CPU UTILIZATION: 7.695 / 28

-----------------------------------------

(212): time { cat f2 | frun -U -X  echo | wc -l; }
245
real	0m0.510s
user	0m4.980s
sys	0m0.355s

CPU UTILIZATION: 10.460 / 28

-----------------------------------------

(213): time { frun -U -X  printf %s\n <f2 >/dev/null; }
real	0m0.516s
user	0m5.357s
sys	0m0.767s

CPU UTILIZATION: 11.868 / 28

-----------------------------------------

(214): time { frun -U -X  printf %s\n <f2 | wc -l; }
1000000
real	0m0.865s
user	0m6.011s
sys	0m0.940s

CPU UTILIZATION: 8.035 / 28

-----------------------------------------

(215): time { cat f2 | frun -U -X  printf %s\n >/dev/null; }
real	0m0.446s
user	0m5.335s
sys	0m0.819s

CPU UTILIZATION: 13.798 / 28

-----------------------------------------

(216): time { cat f2 | frun -U -X  printf %s\n | wc -l; }
1000000
real	0m0.442s
user	0m5.367s
sys	0m0.816s

CPU UTILIZATION: 13.988 / 28

-----------------------------------------

(217): time { frun -U -X -l 1:-1 true <f2 >/dev/null; }
real	0m0.783s
user	0m5.010s
sys	0m0.633s

CPU UTILIZATION: 7.206 / 28

-----------------------------------------

(218): time { frun -U -X -l 1:-1 true <f2 | wc -l; }
0
real	0m0.508s
user	0m4.784s
sys	0m0.377s

CPU UTILIZATION: 10.159 / 28

-----------------------------------------

(219): time { cat f2 | frun -U -X -l 1:-1 true >/dev/null; }
real	0m0.534s
user	0m4.596s
sys	0m0.407s

CPU UTILIZATION: 9.368 / 28

-----------------------------------------

(220): time { cat f2 | frun -U -X -l 1:-1 true | wc -l; }
0
real	0m0.855s
user	0m5.071s
sys	0m0.633s

CPU UTILIZATION: 6.671 / 28

-----------------------------------------

(221): time { frun -U -X -l 1:-1 echo <f2 >/dev/null; }
real	0m0.732s
user	0m4.985s
sys	0m0.597s

CPU UTILIZATION: 7.625 / 28

-----------------------------------------

(222): time { frun -U -X -l 1:-1 echo <f2 | wc -l; }
361
real	0m0.467s
user	0m4.791s
sys	0m0.387s

CPU UTILIZATION: 11.087 / 28

-----------------------------------------

(223): time { cat f2 | frun -U -X -l 1:-1 echo >/dev/null; }
real	0m0.751s
user	0m4.969s
sys	0m0.637s

CPU UTILIZATION: 7.464 / 28

-----------------------------------------

(224): time { cat f2 | frun -U -X -l 1:-1 echo | wc -l; }
31
real	0m0.781s
user	0m5.263s
sys	0m0.663s

CPU UTILIZATION: 7.587 / 28

-----------------------------------------

(225): time { frun -U -X -l 1:-1 printf %s\n <f2 >/dev/null; }
real	0m0.446s
user	0m5.199s
sys	0m0.880s

CPU UTILIZATION: 13.630 / 28

-----------------------------------------

(226): time { frun -U -X -l 1:-1 printf %s\n <f2 | wc -l; }
1000000
real	0m0.522s
user	0m4.855s
sys	0m0.975s

CPU UTILIZATION: 11.168 / 28

-----------------------------------------

(227): time { cat f2 | frun -U -X -l 1:-1 printf %s\n >/dev/null; }
real	0m0.890s
user	0m5.687s
sys	0m1.191s

CPU UTILIZATION: 7.728 / 28

-----------------------------------------

(228): time { cat f2 | frun -U -X -l 1:-1 printf %s\n | wc -l; }
1000000
real	0m0.738s
user	0m5.602s
sys	0m1.158s

CPU UTILIZATION: 9.159 / 28

-----------------------------------------

(229): time { frun -s : <f2 >/dev/null; }
real	0m0.269s
user	0m0.222s
sys	0m0.219s

CPU UTILIZATION: 1.639 / 28

-----------------------------------------

(230): time { frun -s : <f2 | wc -l; }
0
real	0m0.382s
user	0m0.324s
sys	0m0.327s

CPU UTILIZATION: 1.704 / 28

-----------------------------------------

(231): time { cat f2 | frun -s : >/dev/null; }
real	0m0.313s
user	0m0.277s
sys	0m0.231s

CPU UTILIZATION: 1.623 / 28

-----------------------------------------

(232): time { cat f2 | frun -s : | wc -l; }
0
real	0m0.270s
user	0m0.223s
sys	0m0.270s

CPU UTILIZATION: 1.825 / 28

-----------------------------------------

(233): time { frun -s cat <f2 >/dev/null; }
real	0m0.527s
user	0m1.572s
sys	0m3.483s

CPU UTILIZATION: 9.592 / 28

-----------------------------------------

(234): time { frun -s cat <f2 | wc -l; }
1000000
real	0m0.653s
user	0m1.633s
sys	0m2.749s

CPU UTILIZATION: 6.710 / 28

-----------------------------------------

(235): time { cat f2 | frun -s cat >/dev/null; }
real	0m0.417s
user	0m1.519s
sys	0m3.493s

CPU UTILIZATION: 12.019 / 28

-----------------------------------------

(236): time { cat f2 | frun -s cat | wc -l; }
1000000
real	0m0.643s
user	0m1.714s
sys	0m3.537s

CPU UTILIZATION: 8.166 / 28

-----------------------------------------

(237): time { frun -s tee <f2 >/dev/null; }
real	0m0.402s
user	0m1.420s
sys	0m3.577s

CPU UTILIZATION: 12.430 / 28

-----------------------------------------

(238): time { frun -s tee <f2 | wc -l; }
1000000
real	0m0.404s
user	0m1.389s
sys	0m3.629s

CPU UTILIZATION: 12.420 / 28

-----------------------------------------

(239): time { cat f2 | frun -s tee >/dev/null; }
real	0m0.659s
user	0m1.585s
sys	0m2.710s

CPU UTILIZATION: 6.517 / 28

-----------------------------------------

(240): time { cat f2 | frun -s tee | wc -l; }
1000000
real	0m0.410s
user	0m1.451s
sys	0m3.626s

CPU UTILIZATION: 12.382 / 28

-----------------------------------------

(241): time { frun -b 524288 : <f2 >/dev/null; }
real	0m0.346s
user	0m0.211s
sys	0m0.202s

CPU UTILIZATION: 1.193 / 28

-----------------------------------------

(242): time { frun -b 524288 : <f2 | wc -l; }
0
real	0m0.291s
user	0m0.188s
sys	0m0.270s

CPU UTILIZATION: 1.573 / 28

-----------------------------------------

(243): time { cat f2 | frun -b 524288 : >/dev/null; }
real	0m0.414s
user	0m0.253s
sys	0m0.260s

CPU UTILIZATION: 1.239 / 28

-----------------------------------------

(244): time { cat f2 | frun -b 524288 : | wc -l; }
0
real	0m0.278s
user	0m0.190s
sys	0m0.244s

CPU UTILIZATION: 1.561 / 28

-----------------------------------------

(245): time { frun -b 524288 cat <f2 >/dev/null; }
real	0m0.418s
user	0m0.316s
sys	0m0.458s

CPU UTILIZATION: 1.851 / 28

-----------------------------------------

(246): time { frun -b 524288 cat <f2 | wc -l; }
1000000
real	0m0.265s
user	0m0.236s
sys	0m0.349s

CPU UTILIZATION: 2.207 / 28

-----------------------------------------

(247): time { cat f2 | frun -b 524288 cat >/dev/null; }
real	0m0.414s
user	0m0.355s
sys	0m0.469s

CPU UTILIZATION: 1.990 / 28

-----------------------------------------

(248): time { cat f2 | frun -b 524288 cat | wc -l; }
1000000
real	0m0.302s
user	0m0.282s
sys	0m0.388s

CPU UTILIZATION: 2.218 / 28

-----------------------------------------

(249): time { frun -b 524288 tee <f2 >/dev/null; }
real	0m0.415s
user	0m0.327s
sys	0m0.435s

CPU UTILIZATION: 1.836 / 28

-----------------------------------------

(250): time { frun -b 524288 tee <f2 | wc -l; }
1000000
real	0m0.255s
user	0m0.252s
sys	0m0.326s

CPU UTILIZATION: 2.266 / 28

-----------------------------------------

(251): time { cat f2 | frun -b 524288 tee >/dev/null; }
real	0m0.258s
user	0m0.241s
sys	0m0.347s

CPU UTILIZATION: 2.279 / 28

-----------------------------------------

(252): time { cat f2 | frun -b 524288 tee | wc -l; }
1000000
real	0m0.276s
user	0m0.252s
sys	0m0.330s

CPU UTILIZATION: 2.108 / 28

-----------------------------------------

(253): time { frun -b4096 -s : <f2 >/dev/null; }
real	0m0.327s
user	0m0.636s
sys	0m0.320s

CPU UTILIZATION: 2.923 / 28

-----------------------------------------

(254): time { frun -b4096 -s : <f2 | wc -l; }
0
real	0m0.476s
user	0m0.515s
sys	0m0.324s

CPU UTILIZATION: 1.762 / 28

-----------------------------------------

(255): time { cat f2 | frun -b4096 -s : >/dev/null; }
real	0m0.527s
user	0m0.715s
sys	0m0.364s

CPU UTILIZATION: 2.047 / 28

-----------------------------------------

(256): time { cat f2 | frun -b4096 -s : | wc -l; }
0
real	0m0.403s
user	0m0.563s
sys	0m0.349s

CPU UTILIZATION: 2.263 / 28

-----------------------------------------

(257): time { frun -b4096 -s cat <f2 >/dev/null; }
real	0m1.732s
user	0m9.139s
sys	0m23.089s

CPU UTILIZATION: 18.607 / 28

-----------------------------------------

(258): time { frun -b4096 -s cat <f2 | wc -l; }
1000000
real	0m1.952s
user	0m9.563s
sys	0m21.585s

CPU UTILIZATION: 15.956 / 28

-----------------------------------------

(259): time { cat f2 | frun -b4096 -s cat >/dev/null; }
real	0m2.050s
user	0m9.521s
sys	0m21.553s

CPU UTILIZATION: 15.158 / 28

-----------------------------------------

(260): time { cat f2 | frun -b4096 -s cat | wc -l; }
1000000
real	0m1.708s
user	0m9.152s
sys	0m24.719s

CPU UTILIZATION: 19.830 / 28

-----------------------------------------

(261): time { frun -b4096 -s tee <f2 >/dev/null; }
real	0m1.884s
user	0m8.861s
sys	0m21.264s

CPU UTILIZATION: 15.989 / 28

-----------------------------------------

(262): time { frun -b4096 -s tee <f2 | wc -l; }
1000000
real	0m1.759s
user	0m8.986s
sys	0m25.969s

CPU UTILIZATION: 19.872 / 28

-----------------------------------------

(263): time { cat f2 | frun -b4096 -s tee >/dev/null; }
real	0m2.141s
user	0m9.114s
sys	0m20.122s

CPU UTILIZATION: 13.655 / 28

-----------------------------------------

(264): time { cat f2 | frun -b4096 -s tee | wc -l; }
1000000
real	0m2.026s
user	0m9.084s
sys	0m20.675s

CPU UTILIZATION: 14.688 / 28

-----------------------------------------

(265): time { frun  -X  true <f3 >/dev/null; }
real	0m1.093s
user	0m4.276s
sys	0m5.554s

CPU UTILIZATION: 8.993 / 28

-----------------------------------------

(266): time { frun  -X  true <f3 | wc -l; }
0
real	0m1.236s
user	0m5.287s
sys	0m8.114s

CPU UTILIZATION: 10.842 / 28

-----------------------------------------

(267): time { cat f3 | frun  -X  true >/dev/null; }
real	0m1.271s
user	0m5.376s
sys	0m7.045s

CPU UTILIZATION: 9.772 / 28

-----------------------------------------

(268): time { cat f3 | frun  -X  true | wc -l; }
0
real	0m1.145s
user	0m4.395s
sys	0m5.218s

CPU UTILIZATION: 8.395 / 28

-----------------------------------------

(269): time { frun  -X  echo <f3 >/dev/null; }
real	0m1.372s
user	0m5.500s
sys	0m8.637s

CPU UTILIZATION: 10.303 / 28

-----------------------------------------

(270): time { frun  -X  echo <f3 | wc -l; }
514
real	0m1.243s
user	0m4.772s
sys	0m6.135s

CPU UTILIZATION: 8.774 / 28

-----------------------------------------

(271): time { cat f3 | frun  -X  echo >/dev/null; }
real	0m1.263s
user	0m4.935s
sys	0m6.015s

CPU UTILIZATION: 8.669 / 28

-----------------------------------------

(272): time { cat f3 | frun  -X  echo | wc -l; }
514
real	0m0.856s
user	0m4.227s
sys	0m5.465s

CPU UTILIZATION: 11.322 / 28

-----------------------------------------

(273): time { frun  -X  printf %s\n <f3 >/dev/null; }
real	0m1.306s
user	0m6.627s
sys	0m6.419s

CPU UTILIZATION: 9.989 / 28

-----------------------------------------

(274): time { frun  -X  printf %s\n <f3 | wc -l; }
2102855
real	0m1.331s
user	0m6.862s
sys	0m6.679s

CPU UTILIZATION: 10.173 / 28

-----------------------------------------

(275): time { cat f3 | frun  -X  printf %s\n >/dev/null; }
real	0m0.866s
user	0m5.955s
sys	0m6.309s

CPU UTILIZATION: 14.161 / 28

-----------------------------------------

(276): time { cat f3 | frun  -X  printf %s\n | wc -l; }
2102855
real	0m1.296s
user	0m7.204s
sys	0m6.878s

CPU UTILIZATION: 10.865 / 28

-----------------------------------------

(277): time { frun  -X -l 1:-1 true <f3 >/dev/null; }
real	0m1.486s
user	0m4.873s
sys	0m7.602s

CPU UTILIZATION: 8.395 / 28

-----------------------------------------

(278): time { frun  -X -l 1:-1 true <f3 | wc -l; }
0
real	0m0.978s
user	0m3.803s
sys	0m6.525s

CPU UTILIZATION: 10.560 / 28

-----------------------------------------

(279): time { cat f3 | frun  -X -l 1:-1 true >/dev/null; }
real	0m1.261s
user	0m4.733s
sys	0m6.487s

CPU UTILIZATION: 8.897 / 28

-----------------------------------------

(280): time { cat f3 | frun  -X -l 1:-1 true | wc -l; }
0
real	0m1.295s
user	0m4.632s
sys	0m5.681s

CPU UTILIZATION: 7.963 / 28

-----------------------------------------

(281): time { frun  -X -l 1:-1 echo <f3 >/dev/null; }
real	0m1.100s
user	0m4.174s
sys	0m6.827s

CPU UTILIZATION: 10.000 / 28

-----------------------------------------

(282): time { frun  -X -l 1:-1 echo <f3 | wc -l; }
494
real	0m1.164s
user	0m4.568s
sys	0m7.086s

CPU UTILIZATION: 10.012 / 28

-----------------------------------------

(283): time { cat f3 | frun  -X -l 1:-1 echo >/dev/null; }
real	0m1.363s
user	0m4.737s
sys	0m5.811s

CPU UTILIZATION: 7.738 / 28

-----------------------------------------

(284): time { cat f3 | frun  -X -l 1:-1 echo | wc -l; }
494
real	0m1.247s
user	0m4.849s
sys	0m7.030s

CPU UTILIZATION: 9.526 / 28

-----------------------------------------

(285): time { frun  -X -l 1:-1 printf %s\n <f3 >/dev/null; }
real	0m1.442s
user	0m6.644s
sys	0m6.931s

CPU UTILIZATION: 9.414 / 28

-----------------------------------------

(286): time { frun  -X -l 1:-1 printf %s\n <f3 | wc -l; }
2102855
real	0m1.293s
user	0m6.475s
sys	0m6.306s

CPU UTILIZATION: 9.884 / 28

-----------------------------------------

(287): time { cat f3 | frun  -X -l 1:-1 printf %s\n >/dev/null; }
real	0m1.138s
user	0m5.918s
sys	0m6.864s

CPU UTILIZATION: 11.231 / 28

-----------------------------------------

(288): time { cat f3 | frun  -X -l 1:-1 printf %s\n | wc -l; }
2102855
real	0m1.247s
user	0m7.085s
sys	0m7.517s

CPU UTILIZATION: 11.709 / 28

-----------------------------------------

(289): time { frun -k -X  true <f3 >/dev/null; }
real	0m1.327s
user	0m5.241s
sys	0m8.128s

CPU UTILIZATION: 10.074 / 28

-----------------------------------------

(290): time { frun -k -X  true <f3 | wc -l; }
0
real	0m0.798s
user	0m3.641s
sys	0m5.159s

CPU UTILIZATION: 11.027 / 28

-----------------------------------------

(291): time { cat f3 | frun -k -X  true >/dev/null; }
real	0m1.063s
user	0m4.610s
sys	0m5.687s

CPU UTILIZATION: 9.686 / 28

-----------------------------------------

(292): time { cat f3 | frun -k -X  true | wc -l; }
0
real	0m1.090s
user	0m4.558s
sys	0m5.677s

CPU UTILIZATION: 9.389 / 28

-----------------------------------------

(293): time { frun -k -X  echo <f3 >/dev/null; }
real	0m0.817s
user	0m3.902s
sys	0m5.469s

CPU UTILIZATION: 11.470 / 28

-----------------------------------------

(294): time { frun -k -X  echo <f3 | wc -l; }
514
real	0m1.111s
user	0m4.496s
sys	0m6.101s

CPU UTILIZATION: 9.538 / 28

-----------------------------------------

(295): time { cat f3 | frun -k -X  echo >/dev/null; }
real	0m1.134s
user	0m4.688s
sys	0m5.828s

CPU UTILIZATION: 9.273 / 28

-----------------------------------------

(296): time { cat f3 | frun -k -X  echo | wc -l; }
514
real	0m1.182s
user	0m4.862s
sys	0m6.231s

CPU UTILIZATION: 9.384 / 28

-----------------------------------------

(297): time { frun -k -X  printf %s\n <f3 >/dev/null; }
real	0m1.204s
user	0m6.747s
sys	0m6.558s

CPU UTILIZATION: 11.050 / 28

-----------------------------------------

(298): time { frun -k -X  printf %s\n <f3 | wc -l; }
2102855
real	0m1.097s
user	0m6.763s
sys	0m7.161s

CPU UTILIZATION: 12.692 / 28

-----------------------------------------

(299): time { cat f3 | frun -k -X  printf %s\n >/dev/null; }
real	0m1.280s
user	0m7.159s
sys	0m7.108s

CPU UTILIZATION: 11.146 / 28

-----------------------------------------

(300): time { cat f3 | frun -k -X  printf %s\n | wc -l; }
2102855
real	0m0.908s
user	0m6.179s
sys	0m6.637s

CPU UTILIZATION: 14.114 / 28

-----------------------------------------

(301): time { frun -k -X -l 1:-1 true <f3 >/dev/null; }
real	0m0.939s
user	0m3.920s
sys	0m6.435s

CPU UTILIZATION: 11.027 / 28

-----------------------------------------

(302): time { frun -k -X -l 1:-1 true <f3 | wc -l; }
0
real	0m0.971s
user	0m3.954s
sys	0m6.677s

CPU UTILIZATION: 10.948 / 28

-----------------------------------------

(303): time { cat f3 | frun -k -X -l 1:-1 true >/dev/null; }
real	0m0.980s
user	0m4.404s
sys	0m5.992s

CPU UTILIZATION: 10.608 / 28

-----------------------------------------

(304): time { cat f3 | frun -k -X -l 1:-1 true | wc -l; }
0
real	0m0.984s
user	0m4.394s
sys	0m6.453s

CPU UTILIZATION: 11.023 / 28

-----------------------------------------

(305): time { frun -k -X -l 1:-1 echo <f3 >/dev/null; }
real	0m1.044s
user	0m4.114s
sys	0m6.698s

CPU UTILIZATION: 10.356 / 28

-----------------------------------------

(306): time { frun -k -X -l 1:-1 echo <f3 | wc -l; }
494
real	0m0.938s
user	0m3.986s
sys	0m7.039s

CPU UTILIZATION: 11.753 / 28

-----------------------------------------

(307): time { cat f3 | frun -k -X -l 1:-1 echo >/dev/null; }
real	0m0.969s
user	0m4.413s
sys	0m6.706s

CPU UTILIZATION: 11.474 / 28

-----------------------------------------

(308): time { cat f3 | frun -k -X -l 1:-1 echo | wc -l; }
494
real	0m0.985s
user	0m4.415s
sys	0m6.850s

CPU UTILIZATION: 11.436 / 28

-----------------------------------------

(309): time { frun -k -X -l 1:-1 printf %s\n <f3 >/dev/null; }
real	0m0.960s
user	0m5.781s
sys	0m7.041s

CPU UTILIZATION: 13.356 / 28

-----------------------------------------

(310): time { frun -k -X -l 1:-1 printf %s\n <f3 | wc -l; }
2102855
real	0m0.989s
user	0m5.737s
sys	0m7.112s

CPU UTILIZATION: 12.991 / 28

-----------------------------------------

(311): time { cat f3 | frun -k -X -l 1:-1 printf %s\n >/dev/null; }
real	0m1.008s
user	0m7.045s
sys	0m8.602s

CPU UTILIZATION: 15.522 / 28

-----------------------------------------

(312): time { cat f3 | frun -k -X -l 1:-1 printf %s\n | wc -l; }
2102855
real	0m1.020s
user	0m6.199s
sys	0m6.900s

CPU UTILIZATION: 12.842 / 28

-----------------------------------------

(313): time { frun -u -X  true <f3 >/dev/null; }
real	0m0.815s
user	0m3.784s
sys	0m5.223s

CPU UTILIZATION: 11.051 / 28

-----------------------------------------

(314): time { frun -u -X  true <f3 | wc -l; }
0
real	0m0.841s
user	0m3.804s
sys	0m5.099s

CPU UTILIZATION: 10.586 / 28

-----------------------------------------

(315): time { cat f3 | frun -u -X  true >/dev/null; }
real	0m0.841s
user	0m4.714s
sys	0m7.781s

CPU UTILIZATION: 14.857 / 28

-----------------------------------------

(316): time { cat f3 | frun -u -X  true | wc -l; }
0
real	0m1.071s
user	0m4.512s
sys	0m5.647s

CPU UTILIZATION: 9.485 / 28

-----------------------------------------

(317): time { frun -u -X  echo <f3 >/dev/null; }
real	0m0.928s
user	0m4.013s
sys	0m5.290s

CPU UTILIZATION: 10.024 / 28

-----------------------------------------

(318): time { frun -u -X  echo <f3 | wc -l; }
514
real	0m0.789s
user	0m3.830s
sys	0m5.620s

CPU UTILIZATION: 11.977 / 28

-----------------------------------------

(319): time { cat f3 | frun -u -X  echo >/dev/null; }
real	0m1.117s
user	0m4.509s
sys	0m6.176s

CPU UTILIZATION: 9.565 / 28

-----------------------------------------

(320): time { cat f3 | frun -u -X  echo | wc -l; }
514
real	0m1.033s
user	0m4.780s
sys	0m6.069s

CPU UTILIZATION: 10.502 / 28

-----------------------------------------

(321): time { frun -u -X  printf %s\n <f3 >/dev/null; }
real	0m1.045s
user	0m6.921s
sys	0m8.818s

CPU UTILIZATION: 15.061 / 28

-----------------------------------------

(322): time { frun -u -X  printf %s\n <f3 | wc -l; }
2102855
real	0m1.805s
user	0m7.836s
sys	0m8.306s

CPU UTILIZATION: 8.942 / 28

-----------------------------------------

(323): time { cat f3 | frun -u -X  printf %s\n >/dev/null; }
real	0m1.649s
user	0m7.725s
sys	0m6.626s

CPU UTILIZATION: 8.702 / 28

-----------------------------------------

(324): time { cat f3 | frun -u -X  printf %s\n | wc -l; }
2102855
real	0m1.269s
user	0m6.986s
sys	0m7.205s

CPU UTILIZATION: 11.182 / 28

-----------------------------------------

(325): time { frun -u -X -l 1:-1 true <f3 >/dev/null; }
real	0m1.272s
user	0m4.640s
sys	0m6.791s

CPU UTILIZATION: 8.986 / 28

-----------------------------------------

(326): time { frun -u -X -l 1:-1 true <f3 | wc -l; }
0
real	0m1.455s
user	0m4.190s
sys	0m5.335s

CPU UTILIZATION: 6.546 / 28

-----------------------------------------

(327): time { cat f3 | frun -u -X -l 1:-1 true >/dev/null; }
real	0m1.012s
user	0m4.121s
sys	0m6.702s

CPU UTILIZATION: 10.694 / 28

-----------------------------------------

(328): time { cat f3 | frun -u -X -l 1:-1 true | wc -l; }
0
real	0m1.739s
user	0m4.979s
sys	0m5.889s

CPU UTILIZATION: 6.249 / 28

-----------------------------------------

(329): time { frun -u -X -l 1:-1 echo <f3 >/dev/null; }
real	0m1.320s
user	0m4.196s
sys	0m5.825s

CPU UTILIZATION: 7.591 / 28

-----------------------------------------

(330): time { frun -u -X -l 1:-1 echo <f3 | wc -l; }
494
real	0m1.705s
user	0m4.829s
sys	0m6.295s

CPU UTILIZATION: 6.524 / 28

-----------------------------------------

(331): time { cat f3 | frun -u -X -l 1:-1 echo >/dev/null; }
real	0m1.811s
user	0m5.322s
sys	0m5.979s

CPU UTILIZATION: 6.240 / 28

-----------------------------------------

(332): time { cat f3 | frun -u -X -l 1:-1 echo | wc -l; }
494
real	0m1.171s
user	0m4.457s
sys	0m6.816s

CPU UTILIZATION: 9.626 / 28

-----------------------------------------

(333): time { frun -u -X -l 1:-1 printf %s\n <f3 >/dev/null; }
real	0m1.668s
user	0m6.645s
sys	0m6.278s

CPU UTILIZATION: 7.747 / 28

-----------------------------------------

(334): time { frun -u -X -l 1:-1 printf %s\n <f3 | wc -l; }
2102855
real	0m2.005s
user	0m7.374s
sys	0m6.658s

CPU UTILIZATION: 6.998 / 28

-----------------------------------------

(335): time { cat f3 | frun -u -X -l 1:-1 printf %s\n >/dev/null; }
real	0m1.373s
user	0m7.380s
sys	0m6.967s

CPU UTILIZATION: 10.449 / 28

-----------------------------------------

(336): time { cat f3 | frun -u -X -l 1:-1 printf %s\n | wc -l; }
2102855
real	0m1.437s
user	0m7.147s
sys	0m6.981s

CPU UTILIZATION: 9.831 / 28

-----------------------------------------

(337): time { frun -U -X  true <f3 >/dev/null; }
real	0m1.545s
user	0m24.532s
sys	0m1.631s

CPU UTILIZATION: 16.933 / 28

-----------------------------------------

(338): time { frun -U -X  true <f3 | wc -l; }
0
real	0m1.641s
user	0m24.848s
sys	0m1.627s

CPU UTILIZATION: 16.133 / 28

-----------------------------------------

(339): time { cat f3 | frun -U -X  true >/dev/null; }
real	0m1.908s
user	0m24.969s
sys	0m1.760s

CPU UTILIZATION: 14.008 / 28

-----------------------------------------

(340): time { cat f3 | frun -U -X  true | wc -l; }
0
real	0m2.441s
user	0m25.295s
sys	0m1.886s

CPU UTILIZATION: 11.135 / 28

-----------------------------------------

(341): time { frun -U -X  echo <f3 >/dev/null; }
real	0m2.380s
user	0m25.415s
sys	0m1.917s

CPU UTILIZATION: 11.484 / 28

-----------------------------------------

(342): time { frun -U -X  echo <f3 | wc -l; }
651
real	0m1.440s
user	0m25.208s
sys	0m1.948s

CPU UTILIZATION: 18.858 / 28

-----------------------------------------

(343): time { cat f3 | frun -U -X  echo >/dev/null; }
real	0m2.201s
user	0m25.825s
sys	0m1.953s

CPU UTILIZATION: 12.620 / 28

-----------------------------------------

(344): time { cat f3 | frun -U -X  echo | wc -l; }
742
real	0m2.065s
user	0m25.570s
sys	0m2.031s

CPU UTILIZATION: 13.366 / 28

-----------------------------------------

(345): time { frun -U -X  printf %s\n <f3 >/dev/null; }
real	0m2.676s
user	0m26.778s
sys	0m2.892s

CPU UTILIZATION: 11.087 / 28

-----------------------------------------

(346): time { frun -U -X  printf %s\n <f3 | wc -l; }
2162579
real	0m2.487s
user	0m27.482s
sys	0m2.982s

CPU UTILIZATION: 12.249 / 28

-----------------------------------------

(347): time { cat f3 | frun -U -X  printf %s\n >/dev/null; }
real	0m1.422s
user	0m26.212s
sys	0m2.875s

CPU UTILIZATION: 20.454 / 28

-----------------------------------------

(348): time { cat f3 | frun -U -X  printf %s\n | wc -l; }
2162579
real	0m2.781s
user	0m26.956s
sys	0m2.974s

CPU UTILIZATION: 10.762 / 28

-----------------------------------------

(349): time { frun -U -X -l 1:-1 true <f3 >/dev/null; }
real	0m2.198s
user	0m23.981s
sys	0m1.850s

CPU UTILIZATION: 11.752 / 28

-----------------------------------------

(350): time { frun -U -X -l 1:-1 true <f3 | wc -l; }
0
real	0m2.146s
user	0m24.133s
sys	0m1.955s

CPU UTILIZATION: 12.156 / 28

-----------------------------------------

(351): time { cat f3 | frun -U -X -l 1:-1 true >/dev/null; }
real	0m2.260s
user	0m24.997s
sys	0m1.941s

CPU UTILIZATION: 11.919 / 28

-----------------------------------------

(352): time { cat f3 | frun -U -X -l 1:-1 true | wc -l; }
0
real	0m1.368s
user	0m23.541s
sys	0m1.916s

CPU UTILIZATION: 18.608 / 28

-----------------------------------------

(353): time { frun -U -X -l 1:-1 echo <f3 >/dev/null; }
real	0m1.987s
user	0m25.651s
sys	0m1.903s

CPU UTILIZATION: 13.867 / 28

-----------------------------------------

(354): time { frun -U -X -l 1:-1 echo <f3 | wc -l; }
494
real	0m1.894s
user	0m25.572s
sys	0m2.118s

CPU UTILIZATION: 14.619 / 28

-----------------------------------------

(355): time { cat f3 | frun -U -X -l 1:-1 echo >/dev/null; }
real	0m2.254s
user	0m25.854s
sys	0m2.087s

CPU UTILIZATION: 12.396 / 28

-----------------------------------------

(356): time { cat f3 | frun -U -X -l 1:-1 echo | wc -l; }
494
real	0m2.611s
user	0m26.781s
sys	0m2.091s

CPU UTILIZATION: 11.057 / 28

-----------------------------------------

(357): time { frun -U -X -l 1:-1 printf %s\n <f3 >/dev/null; }
real	0m2.367s
user	0m26.801s
sys	0m3.042s

CPU UTILIZATION: 12.607 / 28

-----------------------------------------

(358): time { frun -U -X -l 1:-1 printf %s\n <f3 | wc -l; }
2162579
real	0m2.579s
user	0m26.664s
sys	0m3.187s

CPU UTILIZATION: 11.574 / 28

-----------------------------------------

(359): time { cat f3 | frun -U -X -l 1:-1 printf %s\n >/dev/null; }
real	0m2.314s
user	0m27.051s
sys	0m3.174s

CPU UTILIZATION: 13.061 / 28

-----------------------------------------

(360): time { cat f3 | frun -U -X -l 1:-1 printf %s\n | wc -l; }
2162579
real	0m2.255s
user	0m26.223s
sys	0m3.278s

CPU UTILIZATION: 13.082 / 28

-----------------------------------------

(361): time { frun -s : <f3 >/dev/null; }
real	0m0.808s
user	0m1.014s
sys	0m0.983s

CPU UTILIZATION: 2.471 / 28

-----------------------------------------

(362): time { frun -s : <f3 | wc -l; }
0
real	0m1.354s
user	0m1.725s
sys	0m3.696s

CPU UTILIZATION: 4.003 / 28

-----------------------------------------

(363): time { cat f3 | frun -s : >/dev/null; }
real	0m1.346s
user	0m1.951s
sys	0m2.960s

CPU UTILIZATION: 3.648 / 28

-----------------------------------------

(364): time { cat f3 | frun -s : | wc -l; }
0
real	0m1.589s
user	0m2.425s
sys	0m4.687s

CPU UTILIZATION: 4.475 / 28

-----------------------------------------

(365): time { frun -s cat <f3 >/dev/null; }
real	0m1.303s
user	0m4.064s
sys	0m5.572s

CPU UTILIZATION: 7.395 / 28

-----------------------------------------

(366): time { frun -s cat <f3 | wc -l; }
2102855
real	0m1.565s
user	0m4.624s
sys	0m5.941s

CPU UTILIZATION: 6.750 / 28

-----------------------------------------

(367): time { cat f3 | frun -s cat >/dev/null; }
real	0m1.031s
user	0m3.772s
sys	0m5.201s

CPU UTILIZATION: 8.703 / 28

-----------------------------------------

(368): time { cat f3 | frun -s cat | wc -l; }
2102855
real	0m1.076s
user	0m4.214s
sys	0m5.616s

CPU UTILIZATION: 9.135 / 28

-----------------------------------------

(369): time { frun -s tee <f3 >/dev/null; }
real	0m1.307s
user	0m4.034s
sys	0m5.471s

CPU UTILIZATION: 7.272 / 28

-----------------------------------------

(370): time { frun -s tee <f3 | wc -l; }
2102855
real	0m1.262s
user	0m3.829s
sys	0m5.159s

CPU UTILIZATION: 7.122 / 28

-----------------------------------------

(371): time { cat f3 | frun -s tee >/dev/null; }
real	0m1.667s
user	0m4.780s
sys	0m5.877s

CPU UTILIZATION: 6.392 / 28

-----------------------------------------

(372): time { cat f3 | frun -s tee | wc -l; }
2102855
real	0m1.404s
user	0m5.347s
sys	0m7.868s

CPU UTILIZATION: 9.412 / 28

-----------------------------------------

(373): time { frun -b 524288 : <f3 >/dev/null; }
real	0m0.293s
user	0m0.354s
sys	0m0.432s

CPU UTILIZATION: 2.682 / 28

-----------------------------------------

(374): time { frun -b 524288 : <f3 | wc -l; }
0
real	0m0.299s
user	0m0.352s
sys	0m0.460s

CPU UTILIZATION: 2.715 / 28

-----------------------------------------

(375): time { cat f3 | frun -b 524288 : >/dev/null; }
real	0m0.361s
user	0m0.516s
sys	0m0.626s

CPU UTILIZATION: 3.163 / 28

-----------------------------------------

(376): time { cat f3 | frun -b 524288 : | wc -l; }
0
real	0m1.047s
user	0m1.255s
sys	0m3.277s

CPU UTILIZATION: 4.328 / 28

-----------------------------------------

(377): time { frun -b 524288 cat <f3 >/dev/null; }
real	0m0.873s
user	0m2.486s
sys	0m3.913s

CPU UTILIZATION: 7.329 / 28

-----------------------------------------

(378): time { frun -b 524288 cat <f3 | wc -l; }
2102855
real	0m0.780s
user	0m2.325s
sys	0m4.485s

CPU UTILIZATION: 8.730 / 28

-----------------------------------------

(379): time { cat f3 | frun -b 524288 cat >/dev/null; }
real	0m0.794s
user	0m2.740s
sys	0m3.950s

CPU UTILIZATION: 8.425 / 28

-----------------------------------------

(380): time { cat f3 | frun -b 524288 cat | wc -l; }
2102855
real	0m1.019s
user	0m2.981s
sys	0m3.989s

CPU UTILIZATION: 6.840 / 28

-----------------------------------------

(381): time { frun -b 524288 tee <f3 >/dev/null; }
real	0m0.875s
user	0m2.412s
sys	0m3.756s

CPU UTILIZATION: 7.049 / 28

-----------------------------------------

(382): time { frun -b 524288 tee <f3 | wc -l; }
2102855
real	0m0.673s
user	0m2.131s
sys	0m5.019s

CPU UTILIZATION: 10.624 / 28

-----------------------------------------

(383): time { cat f3 | frun -b 524288 tee >/dev/null; }
real	0m0.472s
user	0m2.286s
sys	0m4.606s

CPU UTILIZATION: 14.601 / 28

-----------------------------------------

(384): time { cat f3 | frun -b 524288 tee | wc -l; }
2102855
real	0m0.511s
user	0m2.418s
sys	0m4.471s

CPU UTILIZATION: 13.481 / 28

-----------------------------------------

(385): time { frun -b4096 -s : <f3 >/dev/null; }
real	0m7.182s
user	0m14.892s
sys	0m1.625s

CPU UTILIZATION: 2.299 / 28

-----------------------------------------

(386): time { frun -b4096 -s : <f3 | wc -l; }
0
real	0m7.353s
user	0m15.060s
sys	0m1.592s

CPU UTILIZATION: 2.264 / 28

-----------------------------------------

(387): time { cat f3 | frun -b4096 -s : >/dev/null; }
real	0m6.376s
user	0m14.535s
sys	0m1.611s

CPU UTILIZATION: 2.532 / 28

-----------------------------------------

(388): time { cat f3 | frun -b4096 -s : | wc -l; }
0
real	0m6.259s
user	0m14.382s
sys	0m1.629s

CPU UTILIZATION: 2.558 / 28

-----------------------------------------

(389): time { frun -b4096 -s cat <f3 >/dev/null; }
real	0m46.853s
user	3m49.479s
sys	8m3.749s

CPU UTILIZATION: 15.222 / 28

-----------------------------------------

(390): time { frun -b4096 -s cat <f3 | wc -l; }
2102855
real	0m46.985s
user	3m51.587s
sys	8m17.402s

CPU UTILIZATION: 15.515 / 28

-----------------------------------------

(391): time { cat f3 | frun -b4096 -s cat >/dev/null; }
real	0m39.406s
user	3m45.858s
sys	8m57.685s

CPU UTILIZATION: 19.376 / 28

-----------------------------------------

(392): time { cat f3 | frun -b4096 -s cat | wc -l; }
2102855
real	0m40.084s
user	3m53.957s
sys	8m22.334s

CPU UTILIZATION: 18.368 / 28

-----------------------------------------

(393): time { frun -b4096 -s tee <f3 >/dev/null; }
real	0m42.366s
user	3m47.006s
sys	7m34.999s

CPU UTILIZATION: 16.097 / 28

-----------------------------------------

(394): time { frun -b4096 -s tee <f3 | wc -l; }
2102855
real	0m42.183s
user	3m46.371s
sys	7m41.767s

CPU UTILIZATION: 16.313 / 28

-----------------------------------------

(395): time { cat f3 | frun -b4096 -s tee >/dev/null; }
real	0m40.829s
user	3m43.584s
sys	7m56.912s

CPU UTILIZATION: 17.156 / 28

-----------------------------------------

(396): time { cat f3 | frun -b4096 -s tee | wc -l; }
2102855
real	0m32.358s
user	3m35.579s
sys	10m35.071s

CPU UTILIZATION: 26.288 / 28

-----------------------------------------


-----------------------------
INPUT DATA STATS



NAME: f1
SIZE: 1000000 bytes
LINE COUNT: 1000000 lines


NAME: f2
SIZE: 6888896 bytes
LINE COUNT: 1000000 lines


NAME: f3
SIZE: 169171447 bytes
LINE COUNT: 2102855 lines

total sys  = 5297011 ms

total user = 3418813 ms

total real = 644136 ms


OVERALL CPU UTILIZATION: 13.531 / 28

